2025-12-07T07:32:22 [evaluate_12_07_07_30_ensemble_eval] INFO: Initialized logger.
2025-12-07T07:32:22 [evaluate_12_07_07_30_ensemble_eval] INFO: Loading metrics parquet files for LR, XGBoost, and Random Forest...
2025-12-07T07:32:22 [evaluate_12_07_07_30_ensemble_eval] INFO: LR metrics shape: (24, 6) from model_evaluation_data/metrics_final_qc_model.parquet
2025-12-07T07:32:22 [evaluate_12_07_07_30_ensemble_eval] INFO: XGB metrics shape: (24, 6) from model_evaluation_data_xgboost/metrics_final_xgb_qc_model.parquet
2025-12-07T07:32:22 [evaluate_12_07_07_30_ensemble_eval] INFO: RF metrics shape: (24, 6) from model_evaluation_data_randomforest/metrics_final_rf_qc_model.parquet
2025-12-07T07:32:22 [evaluate_12_07_07_30_ensemble_eval] INFO: LR datasplits: ['shuffled_test', 'shuffled_train', 'shuffled_val', 'test', 'train', 'val']
2025-12-07T07:32:22 [evaluate_12_07_07_30_ensemble_eval] INFO: XGB datasplits: ['shuffled_test', 'shuffled_train', 'shuffled_val', 'test', 'train', 'val']
2025-12-07T07:32:22 [evaluate_12_07_07_30_ensemble_eval] INFO: RF datasplits: ['shuffled_test', 'shuffled_train', 'shuffled_val', 'test', 'train', 'val']
2025-12-07T07:32:22 [evaluate_12_07_07_30_ensemble_eval] INFO: Computing test-set comparison (all plates and per plate)...
2025-12-07T07:32:22 [evaluate_12_07_07_30_ensemble_eval] INFO: === Test-set performance: all plates ===
2025-12-07T07:32:22 [evaluate_12_07_07_30_ensemble_eval] INFO: Test-set (all plates) comparison:
2025-12-07T07:32:22 [evaluate_12_07_07_30_ensemble_eval] INFO: logistic_regression: accuracy=0.7893, f1=0.7905, precision=0.7859, recall=0.7951
2025-12-07T07:32:22 [evaluate_12_07_07_30_ensemble_eval] INFO: xgboost: accuracy=0.8015, f1=0.8025, precision=0.7983, recall=0.8068
2025-12-07T07:32:22 [evaluate_12_07_07_30_ensemble_eval] INFO: random_forest: accuracy=0.7564, f1=0.7603, precision=0.7482, recall=0.7728
2025-12-07T07:32:22 [evaluate_12_07_07_30_ensemble_eval] INFO: === Test-set performance: per plate ===
2025-12-07T07:32:22 [evaluate_12_07_07_30_ensemble_eval] INFO: Computed per-plate test performance for all models.
2025-12-07T07:32:22 [evaluate_12_07_07_30_ensemble_eval] INFO: Summarizing train/val/test performance for all models...
2025-12-07T07:32:22 [evaluate_12_07_07_30_ensemble_eval] INFO: logistic_regression: train_acc=0.8467, test_acc=0.7893, train-test gap=0.0575
2025-12-07T07:32:22 [evaluate_12_07_07_30_ensemble_eval] INFO: xgboost: train_acc=0.9811, test_acc=0.8015, train-test gap=0.1797
2025-12-07T07:32:22 [evaluate_12_07_07_30_ensemble_eval] INFO: random_forest: train_acc=1.0000, test_acc=0.7564, train-test gap=0.2436
2025-12-07T07:32:22 [evaluate_12_07_07_30_ensemble_eval] INFO: Summarizing shuffled (null) performance for all models...
2025-12-07T07:32:22 [evaluate_12_07_07_30_ensemble_eval] INFO: logistic_regression: mean shuffled accuracy=0.4992, mean shuffled f1=0.4963 over 12 rows
2025-12-07T07:32:22 [evaluate_12_07_07_30_ensemble_eval] INFO: xgboost: mean shuffled accuracy=0.4995, mean shuffled f1=0.5139 over 12 rows
2025-12-07T07:32:22 [evaluate_12_07_07_30_ensemble_eval] INFO: random_forest: mean shuffled accuracy=0.5043, mean shuffled f1=0.5216 over 12 rows
2025-12-07T07:32:22 [evaluate_12_07_07_30_ensemble_eval] INFO: Saving ensemble comparison tables to model_evaluation_data_ensemble...
2025-12-07T07:32:22 [evaluate_12_07_07_30_ensemble_eval] INFO: Finished saving ensemble comparison tables.
