2025-12-06T23:47:32 [train_12_08_16_45_xgboost_train] INFO: Initialized logger.
2025-12-06T23:47:33 [train_12_08_16_45_xgboost_train] INFO: Number of single-cells total per plate:
2025-12-06T23:47:33 [train_12_08_16_45_xgboost_train] INFO: Plate 3: 10206
2025-12-06T23:47:33 [train_12_08_16_45_xgboost_train] INFO: Plate 3 prime: 5126
2025-12-06T23:47:33 [train_12_08_16_45_xgboost_train] INFO: Plate 5: 5348
2025-12-06T23:47:39 [train_12_08_16_45_xgboost_train] INFO: 2025-12-06T23:47:39 [INFO] Loaded Optuna study 'xgb_cv_v2' with 30 total trials (30 completed). Target total trials = 60. Running 30 new trials in this session.
2025-12-06T23:47:39 [train_12_08_16_45_xgboost_train] INFO: 2025-12-06T23:47:39 [INFO] Iteration 31/60: Optuna trial 30, params={'n_estimators': 800, 'max_depth': 4, 'learning_rate': 0.05, 'subsample': 0.7, 'colsample_bytree': 0.7, 'min_child_weight': 5, 'gamma': 0.3, 'lambda': 3.0, 'alpha': 0.0}
2025-12-06T23:50:53 [train_12_08_16_45_xgboost_train] INFO: 2025-12-06T23:50:53 [INFO]    Fold 1/5 finished in 3.23 min
2025-12-06T23:53:55 [train_12_08_16_45_xgboost_train] INFO: 2025-12-06T23:53:55 [INFO]    Fold 2/5 finished in 3.03 min
2025-12-06T23:56:48 [train_12_08_16_45_xgboost_train] INFO: 2025-12-06T23:56:48 [INFO]    Fold 3/5 finished in 2.88 min
2025-12-06T23:59:30 [train_12_08_16_45_xgboost_train] INFO: 2025-12-06T23:59:30 [INFO]    Fold 4/5 finished in 2.71 min
2025-12-07T00:02:18 [train_12_08_16_45_xgboost_train] INFO: 2025-12-07T00:02:18 [INFO]    Fold 5/5 finished in 2.79 min
2025-12-07T00:02:18 [train_12_08_16_45_xgboost_train] INFO: 2025-12-07T00:02:18 [INFO] Iteration 31 finished in 14.65 min (AUC=0.9247 ± 0.0042, ACC=0.8494, Null_recall=0.8527, WT_recall=0.8461, Null_precision=0.8473, best_AUC=0.9256)
2025-12-07T00:02:18 [train_12_08_16_45_xgboost_train] INFO: 2025-12-07T00:02:18 [INFO] Iteration 32/60: Optuna trial 31, params={'n_estimators': 800, 'max_depth': 4, 'learning_rate': 0.05, 'subsample': 0.7, 'colsample_bytree': 0.7, 'min_child_weight': 5, 'gamma': 0.3, 'lambda': 1.0, 'alpha': 0.5}
2025-12-07T00:05:18 [train_12_08_16_45_xgboost_train] INFO: 2025-12-07T00:05:18 [INFO]    Fold 1/5 finished in 3.00 min
2025-12-07T00:08:20 [train_12_08_16_45_xgboost_train] INFO: 2025-12-07T00:08:20 [INFO]    Fold 2/5 finished in 3.03 min
2025-12-07T00:11:14 [train_12_08_16_45_xgboost_train] INFO: 2025-12-07T00:11:14 [INFO]    Fold 3/5 finished in 2.90 min
2025-12-07T00:14:14 [train_12_08_16_45_xgboost_train] INFO: 2025-12-07T00:14:14 [INFO]    Fold 4/5 finished in 3.00 min
2025-12-07T00:17:09 [train_12_08_16_45_xgboost_train] INFO: 2025-12-07T00:17:09 [INFO]    Fold 5/5 finished in 2.92 min
2025-12-07T00:17:09 [train_12_08_16_45_xgboost_train] INFO: 2025-12-07T00:17:09 [INFO] Iteration 32 finished in 14.86 min (AUC=0.9256 ± 0.0052, ACC=0.8476, Null_recall=0.8499, WT_recall=0.8452, Null_precision=0.8461, best_AUC=0.9256)
2025-12-07T00:17:09 [train_12_08_16_45_xgboost_train] INFO: 2025-12-07T00:17:09 [INFO] Iteration 33/60: Optuna trial 32, params={'n_estimators': 800, 'max_depth': 4, 'learning_rate': 0.05, 'subsample': 0.7, 'colsample_bytree': 0.7, 'min_child_weight': 5, 'gamma': 0.3, 'lambda': 1.0, 'alpha': 0.5}
2025-12-07T00:19:52 [train_12_08_16_45_xgboost_train] INFO: 2025-12-07T00:19:52 [INFO]    Fold 1/5 finished in 2.71 min
2025-12-07T00:22:40 [train_12_08_16_45_xgboost_train] INFO: 2025-12-07T00:22:40 [INFO]    Fold 2/5 finished in 2.80 min
2025-12-07T00:25:43 [train_12_08_16_45_xgboost_train] INFO: 2025-12-07T00:25:43 [INFO]    Fold 3/5 finished in 3.06 min
2025-12-07T00:28:25 [train_12_08_16_45_xgboost_train] INFO: 2025-12-07T00:28:25 [INFO]    Fold 4/5 finished in 2.69 min
2025-12-07T00:31:10 [train_12_08_16_45_xgboost_train] INFO: 2025-12-07T00:31:10 [INFO]    Fold 5/5 finished in 2.76 min
2025-12-07T00:31:10 [train_12_08_16_45_xgboost_train] INFO: 2025-12-07T00:31:10 [INFO] Iteration 33 finished in 14.01 min (AUC=0.9256 ± 0.0052, ACC=0.8476, Null_recall=0.8499, WT_recall=0.8452, Null_precision=0.8461, best_AUC=0.9256)
2025-12-07T00:31:10 [train_12_08_16_45_xgboost_train] INFO: 2025-12-07T00:31:10 [INFO] Iteration 34/60: Optuna trial 33, params={'n_estimators': 800, 'max_depth': 4, 'learning_rate': 0.05, 'subsample': 0.7, 'colsample_bytree': 0.7, 'min_child_weight': 5, 'gamma': 0.3, 'lambda': 1.0, 'alpha': 0.5}
2025-12-07T00:33:57 [train_12_08_16_45_xgboost_train] INFO: 2025-12-07T00:33:57 [INFO]    Fold 1/5 finished in 2.78 min
2025-12-07T00:36:43 [train_12_08_16_45_xgboost_train] INFO: 2025-12-07T00:36:43 [INFO]    Fold 2/5 finished in 2.76 min
2025-12-07T00:39:21 [train_12_08_16_45_xgboost_train] INFO: 2025-12-07T00:39:21 [INFO]    Fold 3/5 finished in 2.63 min
2025-12-07T00:42:21 [train_12_08_16_45_xgboost_train] INFO: 2025-12-07T00:42:21 [INFO]    Fold 4/5 finished in 3.00 min
2025-12-07T00:44:53 [train_12_08_16_45_xgboost_train] INFO: 2025-12-07T00:44:53 [INFO]    Fold 5/5 finished in 2.52 min
2025-12-07T00:44:53 [train_12_08_16_45_xgboost_train] INFO: 2025-12-07T00:44:53 [INFO] Iteration 34 finished in 13.71 min (AUC=0.9256 ± 0.0052, ACC=0.8476, Null_recall=0.8499, WT_recall=0.8452, Null_precision=0.8461, best_AUC=0.9256)
2025-12-07T00:44:53 [train_12_08_16_45_xgboost_train] INFO: 2025-12-07T00:44:53 [INFO] Iteration 35/60: Optuna trial 34, params={'n_estimators': 800, 'max_depth': 4, 'learning_rate': 0.05, 'subsample': 0.7, 'colsample_bytree': 0.7, 'min_child_weight': 3, 'gamma': 0.1, 'lambda': 5.0, 'alpha': 0.5}
2025-12-07T00:47:26 [train_12_08_16_45_xgboost_train] INFO: 2025-12-07T00:47:26 [INFO]    Fold 1/5 finished in 2.56 min
2025-12-07T00:50:34 [train_12_08_16_45_xgboost_train] INFO: 2025-12-07T00:50:34 [INFO]    Fold 2/5 finished in 3.14 min
2025-12-07T00:53:31 [train_12_08_16_45_xgboost_train] INFO: 2025-12-07T00:53:31 [INFO]    Fold 3/5 finished in 2.95 min
2025-12-07T00:56:14 [train_12_08_16_45_xgboost_train] INFO: 2025-12-07T00:56:14 [INFO]    Fold 4/5 finished in 2.71 min
2025-12-07T00:58:57 [train_12_08_16_45_xgboost_train] INFO: 2025-12-07T00:58:57 [INFO]    Fold 5/5 finished in 2.71 min
2025-12-07T00:58:57 [train_12_08_16_45_xgboost_train] INFO: 2025-12-07T00:58:57 [INFO] Iteration 35 finished in 14.07 min (AUC=0.9239 ± 0.0046, ACC=0.8462, Null_recall=0.8488, WT_recall=0.8436, Null_precision=0.8445, best_AUC=0.9256)
2025-12-07T00:58:57 [train_12_08_16_45_xgboost_train] INFO: 2025-12-07T00:58:57 [INFO] Iteration 36/60: Optuna trial 35, params={'n_estimators': 800, 'max_depth': 4, 'learning_rate': 0.03, 'subsample': 0.7, 'colsample_bytree': 0.7, 'min_child_weight': 3, 'gamma': 0.3, 'lambda': 1.0, 'alpha': 0.5}
2025-12-07T01:01:55 [train_12_08_16_45_xgboost_train] INFO: 2025-12-07T01:01:55 [INFO]    Fold 1/5 finished in 2.96 min
2025-12-07T01:05:04 [train_12_08_16_45_xgboost_train] INFO: 2025-12-07T01:05:04 [INFO]    Fold 2/5 finished in 3.16 min
2025-12-07T01:08:10 [train_12_08_16_45_xgboost_train] INFO: 2025-12-07T01:08:10 [INFO]    Fold 3/5 finished in 3.09 min
2025-12-07T01:11:05 [train_12_08_16_45_xgboost_train] INFO: 2025-12-07T01:11:05 [INFO]    Fold 4/5 finished in 2.91 min
2025-12-07T01:13:53 [train_12_08_16_45_xgboost_train] INFO: 2025-12-07T01:13:53 [INFO]    Fold 5/5 finished in 2.80 min
2025-12-07T01:13:53 [train_12_08_16_45_xgboost_train] INFO: 2025-12-07T01:13:53 [INFO] Iteration 36 finished in 14.93 min (AUC=0.9200 ± 0.0042, ACC=0.8416, Null_recall=0.8441, WT_recall=0.8391, Null_precision=0.8401, best_AUC=0.9256)
2025-12-07T01:13:53 [train_12_08_16_45_xgboost_train] INFO: 2025-12-07T01:13:53 [INFO] Iteration 37/60: Optuna trial 36, params={'n_estimators': 400, 'max_depth': 3, 'learning_rate': 0.05, 'subsample': 0.85, 'colsample_bytree': 0.85, 'min_child_weight': 5, 'gamma': 0.3, 'lambda': 5.0, 'alpha': 0.5}
2025-12-07T01:14:55 [train_12_08_16_45_xgboost_train] INFO: 2025-12-07T01:14:55 [INFO]    Fold 1/5 finished in 1.03 min
2025-12-07T01:16:06 [train_12_08_16_45_xgboost_train] INFO: 2025-12-07T01:16:06 [INFO]    Fold 2/5 finished in 1.18 min
2025-12-07T01:17:07 [train_12_08_16_45_xgboost_train] INFO: 2025-12-07T01:17:07 [INFO]    Fold 3/5 finished in 1.02 min
2025-12-07T01:18:08 [train_12_08_16_45_xgboost_train] INFO: 2025-12-07T01:18:08 [INFO]    Fold 4/5 finished in 1.02 min
2025-12-07T01:19:28 [train_12_08_16_45_xgboost_train] INFO: 2025-12-07T01:19:28 [INFO]    Fold 5/5 finished in 1.32 min
2025-12-07T01:19:28 [train_12_08_16_45_xgboost_train] INFO: 2025-12-07T01:19:28 [INFO] Iteration 37 finished in 5.58 min (AUC=0.9048 ± 0.0046, ACC=0.8263, Null_recall=0.8244, WT_recall=0.8281, Null_precision=0.8277, best_AUC=0.9256)
2025-12-07T01:19:28 [train_12_08_16_45_xgboost_train] INFO: 2025-12-07T01:19:28 [INFO] Iteration 38/60: Optuna trial 37, params={'n_estimators': 800, 'max_depth': 4, 'learning_rate': 0.05, 'subsample': 0.7, 'colsample_bytree': 0.7, 'min_child_weight': 3, 'gamma': 0.1, 'lambda': 1.0, 'alpha': 0.0}
2025-12-07T01:22:01 [train_12_08_16_45_xgboost_train] INFO: 2025-12-07T01:22:01 [INFO]    Fold 1/5 finished in 2.55 min
2025-12-07T01:24:39 [train_12_08_16_45_xgboost_train] INFO: 2025-12-07T01:24:39 [INFO]    Fold 2/5 finished in 2.64 min
2025-12-07T01:27:38 [train_12_08_16_45_xgboost_train] INFO: 2025-12-07T01:27:38 [INFO]    Fold 3/5 finished in 2.99 min
2025-12-07T01:30:37 [train_12_08_16_45_xgboost_train] INFO: 2025-12-07T01:30:37 [INFO]    Fold 4/5 finished in 2.97 min
2025-12-07T01:33:17 [train_12_08_16_45_xgboost_train] INFO: 2025-12-07T01:33:17 [INFO]    Fold 5/5 finished in 2.67 min
2025-12-07T01:33:17 [train_12_08_16_45_xgboost_train] INFO: 2025-12-07T01:33:17 [INFO] Iteration 38 finished in 13.82 min (AUC=0.9247 ± 0.0045, ACC=0.8479, Null_recall=0.8511, WT_recall=0.8447, Null_precision=0.8459, best_AUC=0.9256)
2025-12-07T01:33:17 [train_12_08_16_45_xgboost_train] INFO: 2025-12-07T01:33:17 [INFO] Iteration 39/60: Optuna trial 38, params={'n_estimators': 800, 'max_depth': 4, 'learning_rate': 0.03, 'subsample': 0.7, 'colsample_bytree': 0.7, 'min_child_weight': 5, 'gamma': 0.3, 'lambda': 3.0, 'alpha': 0.5}
2025-12-07T01:36:01 [train_12_08_16_45_xgboost_train] INFO: 2025-12-07T01:36:01 [INFO]    Fold 1/5 finished in 2.74 min
2025-12-07T01:38:46 [train_12_08_16_45_xgboost_train] INFO: 2025-12-07T01:38:46 [INFO]    Fold 2/5 finished in 2.74 min
2025-12-07T01:41:47 [train_12_08_16_45_xgboost_train] INFO: 2025-12-07T01:41:47 [INFO]    Fold 3/5 finished in 3.03 min
2025-12-07T01:44:34 [train_12_08_16_45_xgboost_train] INFO: 2025-12-07T01:44:34 [INFO]    Fold 4/5 finished in 2.77 min
2025-12-07T01:47:17 [train_12_08_16_45_xgboost_train] INFO: 2025-12-07T01:47:17 [INFO]    Fold 5/5 finished in 2.72 min
2025-12-07T01:47:17 [train_12_08_16_45_xgboost_train] INFO: 2025-12-07T01:47:17 [INFO] Iteration 39 finished in 14.00 min (AUC=0.9201 ± 0.0041, ACC=0.8412, Null_recall=0.8425, WT_recall=0.8400, Null_precision=0.8406, best_AUC=0.9256)
2025-12-07T01:47:17 [train_12_08_16_45_xgboost_train] INFO: 2025-12-07T01:47:17 [INFO] Iteration 40/60: Optuna trial 39, params={'n_estimators': 400, 'max_depth': 3, 'learning_rate': 0.05, 'subsample': 0.85, 'colsample_bytree': 0.7, 'min_child_weight': 5, 'gamma': 0.1, 'lambda': 1.0, 'alpha': 0.5}
2025-12-07T01:48:18 [train_12_08_16_45_xgboost_train] INFO: 2025-12-07T01:48:18 [INFO]    Fold 1/5 finished in 1.02 min
2025-12-07T01:49:37 [train_12_08_16_45_xgboost_train] INFO: 2025-12-07T01:49:37 [INFO]    Fold 2/5 finished in 1.31 min
2025-12-07T01:50:37 [train_12_08_16_45_xgboost_train] INFO: 2025-12-07T01:50:37 [INFO]    Fold 3/5 finished in 1.00 min
2025-12-07T01:51:32 [train_12_08_16_45_xgboost_train] INFO: 2025-12-07T01:51:32 [INFO]    Fold 4/5 finished in 0.92 min
2025-12-07T01:52:47 [train_12_08_16_45_xgboost_train] INFO: 2025-12-07T01:52:47 [INFO]    Fold 5/5 finished in 1.25 min
2025-12-07T01:52:48 [train_12_08_16_45_xgboost_train] INFO: 2025-12-07T01:52:48 [INFO] Iteration 40 finished in 5.51 min (AUC=0.9065 ± 0.0048, ACC=0.8262, Null_recall=0.8274, WT_recall=0.8251, Null_precision=0.8257, best_AUC=0.9256)
2025-12-07T01:52:48 [train_12_08_16_45_xgboost_train] INFO: 2025-12-07T01:52:48 [INFO] Iteration 41/60: Optuna trial 40, params={'n_estimators': 800, 'max_depth': 4, 'learning_rate': 0.05, 'subsample': 0.7, 'colsample_bytree': 0.85, 'min_child_weight': 3, 'gamma': 0.3, 'lambda': 5.0, 'alpha': 0.0}
2025-12-07T01:55:41 [train_12_08_16_45_xgboost_train] INFO: 2025-12-07T01:55:41 [INFO]    Fold 1/5 finished in 2.90 min
2025-12-07T01:58:28 [train_12_08_16_45_xgboost_train] INFO: 2025-12-07T01:58:28 [INFO]    Fold 2/5 finished in 2.78 min
2025-12-07T02:01:17 [train_12_08_16_45_xgboost_train] INFO: 2025-12-07T02:01:17 [INFO]    Fold 3/5 finished in 2.81 min
2025-12-07T02:04:04 [train_12_08_16_45_xgboost_train] INFO: 2025-12-07T02:04:04 [INFO]    Fold 4/5 finished in 2.78 min
2025-12-07T02:06:54 [train_12_08_16_45_xgboost_train] INFO: 2025-12-07T02:06:54 [INFO]    Fold 5/5 finished in 2.83 min
2025-12-07T02:06:54 [train_12_08_16_45_xgboost_train] INFO: 2025-12-07T02:06:54 [INFO] Iteration 41 finished in 14.10 min (AUC=0.9243 ± 0.0048, ACC=0.8485, Null_recall=0.8495, WT_recall=0.8474, Null_precision=0.8480, best_AUC=0.9256)
2025-12-07T02:06:54 [train_12_08_16_45_xgboost_train] INFO: 2025-12-07T02:06:54 [INFO] Iteration 42/60: Optuna trial 41, params={'n_estimators': 800, 'max_depth': 4, 'learning_rate': 0.05, 'subsample': 0.7, 'colsample_bytree': 0.7, 'min_child_weight': 5, 'gamma': 0.3, 'lambda': 1.0, 'alpha': 0.5}
2025-12-07T02:09:50 [train_12_08_16_45_xgboost_train] INFO: 2025-12-07T02:09:50 [INFO]    Fold 1/5 finished in 2.93 min
2025-12-07T02:12:20 [train_12_08_16_45_xgboost_train] INFO: 2025-12-07T02:12:20 [INFO]    Fold 2/5 finished in 2.51 min
2025-12-07T02:14:59 [train_12_08_16_45_xgboost_train] INFO: 2025-12-07T02:14:59 [INFO]    Fold 3/5 finished in 2.65 min
2025-12-07T02:17:05 [train_12_08_16_45_xgboost_train] INFO: 2025-12-07T02:17:05 [INFO]    Fold 4/5 finished in 2.09 min
2025-12-07T02:19:38 [train_12_08_16_45_xgboost_train] INFO: 2025-12-07T02:19:38 [INFO]    Fold 5/5 finished in 2.56 min
2025-12-07T02:19:38 [train_12_08_16_45_xgboost_train] INFO: 2025-12-07T02:19:38 [INFO] Iteration 42 finished in 12.74 min (AUC=0.9256 ± 0.0052, ACC=0.8476, Null_recall=0.8499, WT_recall=0.8452, Null_precision=0.8461, best_AUC=0.9256)
2025-12-07T02:19:38 [train_12_08_16_45_xgboost_train] INFO: 2025-12-07T02:19:38 [INFO] Iteration 43/60: Optuna trial 42, params={'n_estimators': 800, 'max_depth': 4, 'learning_rate': 0.05, 'subsample': 0.7, 'colsample_bytree': 0.7, 'min_child_weight': 5, 'gamma': 0.3, 'lambda': 1.0, 'alpha': 0.5}
2025-12-07T02:22:26 [train_12_08_16_45_xgboost_train] INFO: 2025-12-07T02:22:26 [INFO]    Fold 1/5 finished in 2.79 min
2025-12-07T02:25:03 [train_12_08_16_45_xgboost_train] INFO: 2025-12-07T02:25:03 [INFO]    Fold 2/5 finished in 2.63 min
2025-12-07T02:27:45 [train_12_08_16_45_xgboost_train] INFO: 2025-12-07T02:27:45 [INFO]    Fold 3/5 finished in 2.70 min
2025-12-07T02:30:40 [train_12_08_16_45_xgboost_train] INFO: 2025-12-07T02:30:40 [INFO]    Fold 4/5 finished in 2.92 min
2025-12-07T02:33:25 [train_12_08_16_45_xgboost_train] INFO: 2025-12-07T02:33:25 [INFO]    Fold 5/5 finished in 2.75 min
2025-12-07T02:33:25 [train_12_08_16_45_xgboost_train] INFO: 2025-12-07T02:33:25 [INFO] Iteration 43 finished in 13.78 min (AUC=0.9256 ± 0.0052, ACC=0.8476, Null_recall=0.8499, WT_recall=0.8452, Null_precision=0.8461, best_AUC=0.9256)
2025-12-07T02:33:25 [train_12_08_16_45_xgboost_train] INFO: 2025-12-07T02:33:25 [INFO] Iteration 44/60: Optuna trial 43, params={'n_estimators': 800, 'max_depth': 4, 'learning_rate': 0.05, 'subsample': 0.7, 'colsample_bytree': 0.7, 'min_child_weight': 5, 'gamma': 0.3, 'lambda': 1.0, 'alpha': 0.5}
2025-12-07T02:35:59 [train_12_08_16_45_xgboost_train] INFO: 2025-12-07T02:35:59 [INFO]    Fold 1/5 finished in 2.57 min
2025-12-07T02:38:40 [train_12_08_16_45_xgboost_train] INFO: 2025-12-07T02:38:40 [INFO]    Fold 2/5 finished in 2.67 min
2025-12-07T02:41:21 [train_12_08_16_45_xgboost_train] INFO: 2025-12-07T02:41:21 [INFO]    Fold 3/5 finished in 2.69 min
2025-12-07T02:43:54 [train_12_08_16_45_xgboost_train] INFO: 2025-12-07T02:43:54 [INFO]    Fold 4/5 finished in 2.54 min
2025-12-07T02:46:29 [train_12_08_16_45_xgboost_train] INFO: 2025-12-07T02:46:29 [INFO]    Fold 5/5 finished in 2.58 min
2025-12-07T02:46:29 [train_12_08_16_45_xgboost_train] INFO: 2025-12-07T02:46:29 [INFO] Iteration 44 finished in 13.05 min (AUC=0.9256 ± 0.0052, ACC=0.8476, Null_recall=0.8499, WT_recall=0.8452, Null_precision=0.8461, best_AUC=0.9256)
2025-12-07T02:46:29 [train_12_08_16_45_xgboost_train] INFO: 2025-12-07T02:46:29 [INFO] Iteration 45/60: Optuna trial 44, params={'n_estimators': 800, 'max_depth': 4, 'learning_rate': 0.05, 'subsample': 0.7, 'colsample_bytree': 0.7, 'min_child_weight': 5, 'gamma': 0.3, 'lambda': 1.0, 'alpha': 0.5}
2025-12-07T02:49:18 [train_12_08_16_45_xgboost_train] INFO: 2025-12-07T02:49:18 [INFO]    Fold 1/5 finished in 2.83 min
2025-12-07T02:51:53 [train_12_08_16_45_xgboost_train] INFO: 2025-12-07T02:51:53 [INFO]    Fold 2/5 finished in 2.58 min
2025-12-07T02:54:25 [train_12_08_16_45_xgboost_train] INFO: 2025-12-07T02:54:25 [INFO]    Fold 3/5 finished in 2.53 min
2025-12-07T02:57:11 [train_12_08_16_45_xgboost_train] INFO: 2025-12-07T02:57:11 [INFO]    Fold 4/5 finished in 2.77 min
2025-12-07T02:59:26 [train_12_08_16_45_xgboost_train] INFO: 2025-12-07T02:59:26 [INFO]    Fold 5/5 finished in 2.25 min
2025-12-07T02:59:26 [train_12_08_16_45_xgboost_train] INFO: 2025-12-07T02:59:26 [INFO] Iteration 45 finished in 12.96 min (AUC=0.9256 ± 0.0052, ACC=0.8476, Null_recall=0.8499, WT_recall=0.8452, Null_precision=0.8461, best_AUC=0.9256)
2025-12-07T02:59:27 [train_12_08_16_45_xgboost_train] INFO: 2025-12-07T02:59:27 [INFO] Iteration 46/60: Optuna trial 45, params={'n_estimators': 400, 'max_depth': 4, 'learning_rate': 0.05, 'subsample': 0.7, 'colsample_bytree': 0.7, 'min_child_weight': 5, 'gamma': 0.1, 'lambda': 1.0, 'alpha': 0.5}
2025-12-07T03:00:36 [train_12_08_16_45_xgboost_train] INFO: 2025-12-07T03:00:36 [INFO]    Fold 1/5 finished in 1.15 min
2025-12-07T03:01:57 [train_12_08_16_45_xgboost_train] INFO: 2025-12-07T03:01:57 [INFO]    Fold 2/5 finished in 1.35 min
2025-12-07T03:03:27 [train_12_08_16_45_xgboost_train] INFO: 2025-12-07T03:03:27 [INFO]    Fold 3/5 finished in 1.50 min
2025-12-07T03:04:58 [train_12_08_16_45_xgboost_train] INFO: 2025-12-07T03:04:58 [INFO]    Fold 4/5 finished in 1.53 min
2025-12-07T03:06:32 [train_12_08_16_45_xgboost_train] INFO: 2025-12-07T03:06:32 [INFO]    Fold 5/5 finished in 1.57 min
2025-12-07T03:06:32 [train_12_08_16_45_xgboost_train] INFO: 2025-12-07T03:06:32 [INFO] Iteration 46 finished in 7.10 min (AUC=0.9167 ± 0.0055, ACC=0.8380, Null_recall=0.8400, WT_recall=0.8361, Null_precision=0.8369, best_AUC=0.9256)
2025-12-07T03:06:32 [train_12_08_16_45_xgboost_train] INFO: 2025-12-07T03:06:32 [INFO] Iteration 47/60: Optuna trial 46, params={'n_estimators': 800, 'max_depth': 4, 'learning_rate': 0.05, 'subsample': 0.7, 'colsample_bytree': 0.7, 'min_child_weight': 5, 'gamma': 0.3, 'lambda': 1.0, 'alpha': 0.5}
2025-12-07T03:09:10 [train_12_08_16_45_xgboost_train] INFO: 2025-12-07T03:09:10 [INFO]    Fold 1/5 finished in 2.63 min
2025-12-07T03:11:48 [train_12_08_16_45_xgboost_train] INFO: 2025-12-07T03:11:48 [INFO]    Fold 2/5 finished in 2.63 min
2025-12-07T03:14:30 [train_12_08_16_45_xgboost_train] INFO: 2025-12-07T03:14:30 [INFO]    Fold 3/5 finished in 2.70 min
2025-12-07T03:16:59 [train_12_08_16_45_xgboost_train] INFO: 2025-12-07T03:16:59 [INFO]    Fold 4/5 finished in 2.48 min
2025-12-07T03:19:45 [train_12_08_16_45_xgboost_train] INFO: 2025-12-07T03:19:45 [INFO]    Fold 5/5 finished in 2.77 min
2025-12-07T03:19:45 [train_12_08_16_45_xgboost_train] INFO: 2025-12-07T03:19:45 [INFO] Iteration 47 finished in 13.21 min (AUC=0.9256 ± 0.0052, ACC=0.8476, Null_recall=0.8499, WT_recall=0.8452, Null_precision=0.8461, best_AUC=0.9256)
2025-12-07T03:19:45 [train_12_08_16_45_xgboost_train] INFO: 2025-12-07T03:19:45 [INFO] Iteration 48/60: Optuna trial 47, params={'n_estimators': 800, 'max_depth': 4, 'learning_rate': 0.03, 'subsample': 0.85, 'colsample_bytree': 0.85, 'min_child_weight': 5, 'gamma': 0.3, 'lambda': 3.0, 'alpha': 0.0}
2025-12-07T03:22:42 [train_12_08_16_45_xgboost_train] INFO: 2025-12-07T03:22:42 [INFO]    Fold 1/5 finished in 2.95 min
2025-12-07T03:25:29 [train_12_08_16_45_xgboost_train] INFO: 2025-12-07T03:25:29 [INFO]    Fold 2/5 finished in 2.78 min
2025-12-07T03:27:54 [train_12_08_16_45_xgboost_train] INFO: 2025-12-07T03:27:54 [INFO]    Fold 3/5 finished in 2.42 min
2025-12-07T03:30:30 [train_12_08_16_45_xgboost_train] INFO: 2025-12-07T03:30:30 [INFO]    Fold 4/5 finished in 2.59 min
2025-12-07T03:33:14 [train_12_08_16_45_xgboost_train] INFO: 2025-12-07T03:33:14 [INFO]    Fold 5/5 finished in 2.74 min
2025-12-07T03:33:14 [train_12_08_16_45_xgboost_train] INFO: 2025-12-07T03:33:14 [INFO] Iteration 48 finished in 13.48 min (AUC=0.9205 ± 0.0041, ACC=0.8411, Null_recall=0.8432, WT_recall=0.8390, Null_precision=0.8399, best_AUC=0.9256)
2025-12-07T03:33:14 [train_12_08_16_45_xgboost_train] INFO: 2025-12-07T03:33:14 [INFO] Iteration 49/60: Optuna trial 48, params={'n_estimators': 800, 'max_depth': 4, 'learning_rate': 0.05, 'subsample': 0.7, 'colsample_bytree': 0.7, 'min_child_weight': 3, 'gamma': 0.3, 'lambda': 1.0, 'alpha': 0.5}
2025-12-07T03:36:07 [train_12_08_16_45_xgboost_train] INFO: 2025-12-07T03:36:07 [INFO]    Fold 1/5 finished in 2.89 min
2025-12-07T03:38:40 [train_12_08_16_45_xgboost_train] INFO: 2025-12-07T03:38:40 [INFO]    Fold 2/5 finished in 2.55 min
2025-12-07T03:41:14 [train_12_08_16_45_xgboost_train] INFO: 2025-12-07T03:41:14 [INFO]    Fold 3/5 finished in 2.55 min
2025-12-07T03:44:02 [train_12_08_16_45_xgboost_train] INFO: 2025-12-07T03:44:02 [INFO]    Fold 4/5 finished in 2.81 min
2025-12-07T03:46:33 [train_12_08_16_45_xgboost_train] INFO: 2025-12-07T03:46:33 [INFO]    Fold 5/5 finished in 2.50 min
2025-12-07T03:46:33 [train_12_08_16_45_xgboost_train] INFO: 2025-12-07T03:46:33 [INFO] Iteration 49 finished in 13.31 min (AUC=0.9246 ± 0.0042, ACC=0.8445, Null_recall=0.8476, WT_recall=0.8414, Null_precision=0.8425, best_AUC=0.9256)
2025-12-07T03:46:33 [train_12_08_16_45_xgboost_train] INFO: 2025-12-07T03:46:33 [INFO] Iteration 50/60: Optuna trial 49, params={'n_estimators': 400, 'max_depth': 4, 'learning_rate': 0.05, 'subsample': 0.7, 'colsample_bytree': 0.7, 'min_child_weight': 5, 'gamma': 0.3, 'lambda': 1.0, 'alpha': 0.5}
2025-12-07T03:47:50 [train_12_08_16_45_xgboost_train] INFO: 2025-12-07T03:47:50 [INFO]    Fold 1/5 finished in 1.29 min
2025-12-07T03:49:10 [train_12_08_16_45_xgboost_train] INFO: 2025-12-07T03:49:10 [INFO]    Fold 2/5 finished in 1.32 min
2025-12-07T03:50:34 [train_12_08_16_45_xgboost_train] INFO: 2025-12-07T03:50:34 [INFO]    Fold 3/5 finished in 1.41 min
2025-12-07T03:51:51 [train_12_08_16_45_xgboost_train] INFO: 2025-12-07T03:51:51 [INFO]    Fold 4/5 finished in 1.28 min
2025-12-07T03:53:07 [train_12_08_16_45_xgboost_train] INFO: 2025-12-07T03:53:07 [INFO]    Fold 5/5 finished in 1.27 min
2025-12-07T03:53:07 [train_12_08_16_45_xgboost_train] INFO: 2025-12-07T03:53:07 [INFO] Iteration 50 finished in 6.57 min (AUC=0.9167 ± 0.0053, ACC=0.8370, Null_recall=0.8399, WT_recall=0.8342, Null_precision=0.8353, best_AUC=0.9256)
2025-12-07T03:53:07 [train_12_08_16_45_xgboost_train] INFO: 2025-12-07T03:53:07 [INFO] Iteration 51/60: Optuna trial 50, params={'n_estimators': 800, 'max_depth': 3, 'learning_rate': 0.05, 'subsample': 0.7, 'colsample_bytree': 0.7, 'min_child_weight': 5, 'gamma': 0.1, 'lambda': 1.0, 'alpha': 0.5}
2025-12-07T03:55:02 [train_12_08_16_45_xgboost_train] INFO: 2025-12-07T03:55:02 [INFO]    Fold 1/5 finished in 1.92 min
2025-12-07T03:56:55 [train_12_08_16_45_xgboost_train] INFO: 2025-12-07T03:56:55 [INFO]    Fold 2/5 finished in 1.88 min
2025-12-07T03:58:46 [train_12_08_16_45_xgboost_train] INFO: 2025-12-07T03:58:46 [INFO]    Fold 3/5 finished in 1.85 min
2025-12-07T04:00:34 [train_12_08_16_45_xgboost_train] INFO: 2025-12-07T04:00:34 [INFO]    Fold 4/5 finished in 1.81 min
2025-12-07T04:02:23 [train_12_08_16_45_xgboost_train] INFO: 2025-12-07T04:02:23 [INFO]    Fold 5/5 finished in 1.81 min
2025-12-07T04:02:23 [train_12_08_16_45_xgboost_train] INFO: 2025-12-07T04:02:23 [INFO] Iteration 51 finished in 9.27 min (AUC=0.9200 ± 0.0047, ACC=0.8404, Null_recall=0.8410, WT_recall=0.8398, Null_precision=0.8401, best_AUC=0.9256)
2025-12-07T04:02:23 [train_12_08_16_45_xgboost_train] INFO: 2025-12-07T04:02:23 [INFO] Iteration 52/60: Optuna trial 51, params={'n_estimators': 800, 'max_depth': 4, 'learning_rate': 0.05, 'subsample': 0.7, 'colsample_bytree': 0.7, 'min_child_weight': 5, 'gamma': 0.3, 'lambda': 1.0, 'alpha': 0.5}
2025-12-07T04:04:57 [train_12_08_16_45_xgboost_train] INFO: 2025-12-07T04:04:57 [INFO]    Fold 1/5 finished in 2.56 min
2025-12-07T04:07:39 [train_12_08_16_45_xgboost_train] INFO: 2025-12-07T04:07:39 [INFO]    Fold 2/5 finished in 2.71 min
2025-12-07T04:09:50 [train_12_08_16_45_xgboost_train] INFO: 2025-12-07T04:09:50 [INFO]    Fold 3/5 finished in 2.18 min
2025-12-07T04:11:59 [train_12_08_16_45_xgboost_train] INFO: 2025-12-07T04:11:59 [INFO]    Fold 4/5 finished in 2.15 min
2025-12-07T04:14:16 [train_12_08_16_45_xgboost_train] INFO: 2025-12-07T04:14:16 [INFO]    Fold 5/5 finished in 2.29 min
2025-12-07T04:14:16 [train_12_08_16_45_xgboost_train] INFO: 2025-12-07T04:14:16 [INFO] Iteration 52 finished in 11.88 min (AUC=0.9256 ± 0.0052, ACC=0.8476, Null_recall=0.8499, WT_recall=0.8452, Null_precision=0.8461, best_AUC=0.9256)
2025-12-07T04:14:16 [train_12_08_16_45_xgboost_train] INFO: 2025-12-07T04:14:16 [INFO] Iteration 53/60: Optuna trial 52, params={'n_estimators': 800, 'max_depth': 4, 'learning_rate': 0.05, 'subsample': 0.7, 'colsample_bytree': 0.7, 'min_child_weight': 5, 'gamma': 0.3, 'lambda': 1.0, 'alpha': 0.5}
2025-12-07T04:16:50 [train_12_08_16_45_xgboost_train] INFO: 2025-12-07T04:16:50 [INFO]    Fold 1/5 finished in 2.56 min
2025-12-07T04:19:14 [train_12_08_16_45_xgboost_train] INFO: 2025-12-07T04:19:14 [INFO]    Fold 2/5 finished in 2.40 min
2025-12-07T04:21:29 [train_12_08_16_45_xgboost_train] INFO: 2025-12-07T04:21:29 [INFO]    Fold 3/5 finished in 2.26 min
2025-12-07T04:23:59 [train_12_08_16_45_xgboost_train] INFO: 2025-12-07T04:23:59 [INFO]    Fold 4/5 finished in 2.49 min
2025-12-07T04:26:27 [train_12_08_16_45_xgboost_train] INFO: 2025-12-07T04:26:27 [INFO]    Fold 5/5 finished in 2.46 min
2025-12-07T04:26:27 [train_12_08_16_45_xgboost_train] INFO: 2025-12-07T04:26:27 [INFO] Iteration 53 finished in 12.18 min (AUC=0.9256 ± 0.0052, ACC=0.8476, Null_recall=0.8499, WT_recall=0.8452, Null_precision=0.8461, best_AUC=0.9256)
2025-12-07T04:26:27 [train_12_08_16_45_xgboost_train] INFO: 2025-12-07T04:26:27 [INFO] Iteration 54/60: Optuna trial 53, params={'n_estimators': 800, 'max_depth': 4, 'learning_rate': 0.05, 'subsample': 0.7, 'colsample_bytree': 0.7, 'min_child_weight': 5, 'gamma': 0.3, 'lambda': 1.0, 'alpha': 0.5}
2025-12-07T04:29:14 [train_12_08_16_45_xgboost_train] INFO: 2025-12-07T04:29:14 [INFO]    Fold 1/5 finished in 2.79 min
2025-12-07T04:31:46 [train_12_08_16_45_xgboost_train] INFO: 2025-12-07T04:31:46 [INFO]    Fold 2/5 finished in 2.53 min
2025-12-07T04:34:09 [train_12_08_16_45_xgboost_train] INFO: 2025-12-07T04:34:09 [INFO]    Fold 3/5 finished in 2.39 min
2025-12-07T04:36:56 [train_12_08_16_45_xgboost_train] INFO: 2025-12-07T04:36:56 [INFO]    Fold 4/5 finished in 2.77 min
2025-12-07T04:39:22 [train_12_08_16_45_xgboost_train] INFO: 2025-12-07T04:39:22 [INFO]    Fold 5/5 finished in 2.44 min
2025-12-07T04:39:22 [train_12_08_16_45_xgboost_train] INFO: 2025-12-07T04:39:22 [INFO] Iteration 54 finished in 12.93 min (AUC=0.9256 ± 0.0052, ACC=0.8476, Null_recall=0.8499, WT_recall=0.8452, Null_precision=0.8461, best_AUC=0.9256)
2025-12-07T04:39:22 [train_12_08_16_45_xgboost_train] INFO: 2025-12-07T04:39:22 [INFO] Iteration 55/60: Optuna trial 54, params={'n_estimators': 800, 'max_depth': 4, 'learning_rate': 0.05, 'subsample': 0.7, 'colsample_bytree': 0.7, 'min_child_weight': 5, 'gamma': 0.3, 'lambda': 1.0, 'alpha': 1.0}
2025-12-07T04:41:55 [train_12_08_16_45_xgboost_train] INFO: 2025-12-07T04:41:55 [INFO]    Fold 1/5 finished in 2.54 min
2025-12-07T04:44:37 [train_12_08_16_45_xgboost_train] INFO: 2025-12-07T04:44:37 [INFO]    Fold 2/5 finished in 2.69 min
2025-12-07T04:47:04 [train_12_08_16_45_xgboost_train] INFO: 2025-12-07T04:47:04 [INFO]    Fold 3/5 finished in 2.46 min
2025-12-07T04:49:39 [train_12_08_16_45_xgboost_train] INFO: 2025-12-07T04:49:39 [INFO]    Fold 4/5 finished in 2.58 min
2025-12-07T04:52:07 [train_12_08_16_45_xgboost_train] INFO: 2025-12-07T04:52:07 [INFO]    Fold 5/5 finished in 2.47 min
2025-12-07T04:52:07 [train_12_08_16_45_xgboost_train] INFO: 2025-12-07T04:52:07 [INFO] Iteration 55 finished in 12.74 min (AUC=0.9252 ± 0.0043, ACC=0.8490, Null_recall=0.8499, WT_recall=0.8482, Null_precision=0.8486, best_AUC=0.9256)
2025-12-07T04:52:07 [train_12_08_16_45_xgboost_train] INFO: 2025-12-07T04:52:07 [INFO] Iteration 56/60: Optuna trial 55, params={'n_estimators': 600, 'max_depth': 4, 'learning_rate': 0.05, 'subsample': 0.7, 'colsample_bytree': 0.85, 'min_child_weight': 5, 'gamma': 0.3, 'lambda': 1.0, 'alpha': 0.5}
2025-12-07T04:54:07 [train_12_08_16_45_xgboost_train] INFO: 2025-12-07T04:54:07 [INFO]    Fold 1/5 finished in 2.00 min
2025-12-07T04:56:02 [train_12_08_16_45_xgboost_train] INFO: 2025-12-07T04:56:02 [INFO]    Fold 2/5 finished in 1.91 min
2025-12-07T04:57:56 [train_12_08_16_45_xgboost_train] INFO: 2025-12-07T04:57:56 [INFO]    Fold 3/5 finished in 1.90 min
2025-12-07T04:59:51 [train_12_08_16_45_xgboost_train] INFO: 2025-12-07T04:59:51 [INFO]    Fold 4/5 finished in 1.93 min
2025-12-07T05:01:53 [train_12_08_16_45_xgboost_train] INFO: 2025-12-07T05:01:53 [INFO]    Fold 5/5 finished in 2.04 min
2025-12-07T05:01:53 [train_12_08_16_45_xgboost_train] INFO: 2025-12-07T05:01:53 [INFO] Iteration 56 finished in 9.77 min (AUC=0.9228 ± 0.0042, ACC=0.8447, Null_recall=0.8474, WT_recall=0.8420, Null_precision=0.8430, best_AUC=0.9256)
2025-12-07T05:01:53 [train_12_08_16_45_xgboost_train] INFO: 2025-12-07T05:01:53 [INFO] Iteration 57/60: Optuna trial 56, params={'n_estimators': 800, 'max_depth': 4, 'learning_rate': 0.03, 'subsample': 0.7, 'colsample_bytree': 0.7, 'min_child_weight': 5, 'gamma': 0.3, 'lambda': 1.0, 'alpha': 0.5}
2025-12-07T05:04:14 [train_12_08_16_45_xgboost_train] INFO: 2025-12-07T05:04:14 [INFO]    Fold 1/5 finished in 2.34 min
2025-12-07T05:06:58 [train_12_08_16_45_xgboost_train] INFO: 2025-12-07T05:06:58 [INFO]    Fold 2/5 finished in 2.74 min
2025-12-07T05:09:24 [train_12_08_16_45_xgboost_train] INFO: 2025-12-07T05:09:24 [INFO]    Fold 3/5 finished in 2.44 min
2025-12-07T05:11:44 [train_12_08_16_45_xgboost_train] INFO: 2025-12-07T05:11:44 [INFO]    Fold 4/5 finished in 2.33 min
2025-12-07T05:14:06 [train_12_08_16_45_xgboost_train] INFO: 2025-12-07T05:14:06 [INFO]    Fold 5/5 finished in 2.37 min
2025-12-07T05:14:06 [train_12_08_16_45_xgboost_train] INFO: 2025-12-07T05:14:06 [INFO] Iteration 57 finished in 12.21 min (AUC=0.9208 ± 0.0044, ACC=0.8419, Null_recall=0.8421, WT_recall=0.8416, Null_precision=0.8419, best_AUC=0.9256)
2025-12-07T05:14:06 [train_12_08_16_45_xgboost_train] INFO: 2025-12-07T05:14:06 [INFO] Iteration 58/60: Optuna trial 57, params={'n_estimators': 800, 'max_depth': 4, 'learning_rate': 0.05, 'subsample': 0.85, 'colsample_bytree': 0.7, 'min_child_weight': 5, 'gamma': 0.3, 'lambda': 1.0, 'alpha': 0.5}
2025-12-07T05:16:41 [train_12_08_16_45_xgboost_train] INFO: 2025-12-07T05:16:41 [INFO]    Fold 1/5 finished in 2.58 min
2025-12-07T05:19:09 [train_12_08_16_45_xgboost_train] INFO: 2025-12-07T05:19:09 [INFO]    Fold 2/5 finished in 2.47 min
2025-12-07T05:21:50 [train_12_08_16_45_xgboost_train] INFO: 2025-12-07T05:21:50 [INFO]    Fold 3/5 finished in 2.69 min
2025-12-07T05:23:36 [train_12_08_16_45_xgboost_train] INFO: 2025-12-07T05:23:36 [INFO]    Fold 4/5 finished in 1.77 min
2025-12-07T05:26:25 [train_12_08_16_45_xgboost_train] INFO: 2025-12-07T05:26:25 [INFO]    Fold 5/5 finished in 2.81 min
2025-12-07T05:26:25 [train_12_08_16_45_xgboost_train] INFO: 2025-12-07T05:26:25 [INFO] Iteration 58 finished in 12.31 min (AUC=0.9262 ± 0.0043, ACC=0.8476, Null_recall=0.8497, WT_recall=0.8456, Null_precision=0.8464, best_AUC=0.9262)
2025-12-07T05:26:25 [train_12_08_16_45_xgboost_train] INFO: 2025-12-07T05:26:25 [INFO] Iteration 59/60: Optuna trial 58, params={'n_estimators': 800, 'max_depth': 4, 'learning_rate': 0.05, 'subsample': 0.85, 'colsample_bytree': 0.7, 'min_child_weight': 5, 'gamma': 0.3, 'lambda': 5.0, 'alpha': 1.0}
2025-12-07T05:28:58 [train_12_08_16_45_xgboost_train] INFO: 2025-12-07T05:28:58 [INFO]    Fold 1/5 finished in 2.55 min
2025-12-07T05:31:19 [train_12_08_16_45_xgboost_train] INFO: 2025-12-07T05:31:19 [INFO]    Fold 2/5 finished in 2.36 min
2025-12-07T05:33:34 [train_12_08_16_45_xgboost_train] INFO: 2025-12-07T05:33:34 [INFO]    Fold 3/5 finished in 2.24 min
2025-12-07T05:36:10 [train_12_08_16_45_xgboost_train] INFO: 2025-12-07T05:36:10 [INFO]    Fold 4/5 finished in 2.60 min
2025-12-07T05:38:47 [train_12_08_16_45_xgboost_train] INFO: 2025-12-07T05:38:47 [INFO]    Fold 5/5 finished in 2.62 min
2025-12-07T05:38:47 [train_12_08_16_45_xgboost_train] INFO: 2025-12-07T05:38:47 [INFO] Iteration 59 finished in 12.37 min (AUC=0.9248 ± 0.0039, ACC=0.8470, Null_recall=0.8479, WT_recall=0.8461, Null_precision=0.8466, best_AUC=0.9262)
2025-12-07T05:38:47 [train_12_08_16_45_xgboost_train] INFO: 2025-12-07T05:38:47 [INFO] Iteration 60/60: Optuna trial 59, params={'n_estimators': 600, 'max_depth': 4, 'learning_rate': 0.05, 'subsample': 0.85, 'colsample_bytree': 0.7, 'min_child_weight': 5, 'gamma': 0.3, 'lambda': 1.0, 'alpha': 0.5}
2025-12-07T05:40:58 [train_12_08_16_45_xgboost_train] INFO: 2025-12-07T05:40:58 [INFO]    Fold 1/5 finished in 2.18 min
2025-12-07T05:41:56 [train_12_08_16_45_xgboost_train] INFO: 2025-12-07T05:41:56 [INFO]    Fold 2/5 finished in 0.97 min
2025-12-07T05:42:22 [train_12_08_16_45_xgboost_train] INFO: 2025-12-07T05:42:22 [INFO]    Fold 3/5 finished in 0.43 min
2025-12-07T05:42:54 [train_12_08_16_45_xgboost_train] INFO: 2025-12-07T05:42:54 [INFO]    Fold 4/5 finished in 0.55 min
2025-12-07T05:43:19 [train_12_08_16_45_xgboost_train] INFO: 2025-12-07T05:43:19 [INFO]    Fold 5/5 finished in 0.41 min
2025-12-07T05:43:19 [train_12_08_16_45_xgboost_train] INFO: 2025-12-07T05:43:19 [INFO] Iteration 60 finished in 4.53 min (AUC=0.9231 ± 0.0040, ACC=0.8448, Null_recall=0.8472, WT_recall=0.8424, Null_precision=0.8433, best_AUC=0.9262)
2025-12-07T05:43:19 [train_12_08_16_45_xgboost_train] INFO: 2025-12-07T05:43:19 [INFO] Total search time this session: 355.68 min
2025-12-07T05:43:19 [train_12_08_16_45_xgboost_train] INFO: 2025-12-07T05:43:19 [INFO] Best average validation AUC (all completed trials) = 0.9262
2025-12-07T05:43:19 [train_12_08_16_45_xgboost_train] INFO: Best hyperparameters (global over study) = {'n_estimators': 800, 'max_depth': 4, 'learning_rate': 0.05, 'subsample': 0.85, 'colsample_bytree': 0.7, 'min_child_weight': 5, 'gamma': 0.3, 'lambda': 1.0, 'alpha': 0.5}
