2025-12-06T16:51:22 [train_12_08_16_45_randomforest_train] INFO: Initialized logger.
2025-12-06T16:51:23 [train_12_08_16_45_randomforest_train] INFO: Number of single-cells total per plate:
2025-12-06T16:51:23 [train_12_08_16_45_randomforest_train] INFO: Plate 3: 10206
2025-12-06T16:51:23 [train_12_08_16_45_randomforest_train] INFO: Plate 3 prime: 5126
2025-12-06T16:51:23 [train_12_08_16_45_randomforest_train] INFO: Plate 5: 5348
2025-12-06T16:51:24 [train_12_08_16_45_randomforest_train] INFO: 2025-12-06T16:51:24 [INFO] Loaded Optuna study 'rf_cv' with 0 total trials (0 completed). Target total trials = 15. Running 15 new trials in this session.
2025-12-06T16:51:38 [train_12_08_16_45_randomforest_train] INFO: 2025-12-06T16:51:38 [INFO]    Fold 1/5 finished in 0.23 min
2025-12-06T16:51:49 [train_12_08_16_45_randomforest_train] INFO: 2025-12-06T16:51:49 [INFO]    Fold 2/5 finished in 0.18 min
2025-12-06T16:51:59 [train_12_08_16_45_randomforest_train] INFO: 2025-12-06T16:51:59 [INFO]    Fold 3/5 finished in 0.17 min
2025-12-06T16:52:10 [train_12_08_16_45_randomforest_train] INFO: 2025-12-06T16:52:10 [INFO]    Fold 4/5 finished in 0.18 min
2025-12-06T16:52:20 [train_12_08_16_45_randomforest_train] INFO: 2025-12-06T16:52:20 [INFO]    Fold 5/5 finished in 0.17 min
2025-12-06T16:52:20 [train_12_08_16_45_randomforest_train] INFO: 2025-12-06T16:52:20 [INFO] Iteration 1 finished in 0.94 min (AUC=0.8296, best_AUC=0.8296)
2025-12-06T16:52:32 [train_12_08_16_45_randomforest_train] INFO: 2025-12-06T16:52:32 [INFO]    Fold 1/5 finished in 0.19 min
2025-12-06T16:52:43 [train_12_08_16_45_randomforest_train] INFO: 2025-12-06T16:52:43 [INFO]    Fold 2/5 finished in 0.19 min
2025-12-06T16:52:54 [train_12_08_16_45_randomforest_train] INFO: 2025-12-06T16:52:54 [INFO]    Fold 3/5 finished in 0.18 min
2025-12-06T16:53:06 [train_12_08_16_45_randomforest_train] INFO: 2025-12-06T16:53:06 [INFO]    Fold 4/5 finished in 0.20 min
2025-12-06T16:53:18 [train_12_08_16_45_randomforest_train] INFO: 2025-12-06T16:53:18 [INFO]    Fold 5/5 finished in 0.19 min
2025-12-06T16:53:18 [train_12_08_16_45_randomforest_train] INFO: 2025-12-06T16:53:18 [INFO] Iteration 2 finished in 0.95 min (AUC=0.8292, best_AUC=0.8296)
2025-12-06T16:53:37 [train_12_08_16_45_randomforest_train] INFO: 2025-12-06T16:53:37 [INFO]    Fold 1/5 finished in 0.32 min
2025-12-06T16:53:57 [train_12_08_16_45_randomforest_train] INFO: 2025-12-06T16:53:57 [INFO]    Fold 2/5 finished in 0.34 min
2025-12-06T16:54:18 [train_12_08_16_45_randomforest_train] INFO: 2025-12-06T16:54:18 [INFO]    Fold 3/5 finished in 0.34 min
2025-12-06T16:54:38 [train_12_08_16_45_randomforest_train] INFO: 2025-12-06T16:54:38 [INFO]    Fold 4/5 finished in 0.33 min
2025-12-06T16:54:58 [train_12_08_16_45_randomforest_train] INFO: 2025-12-06T16:54:58 [INFO]    Fold 5/5 finished in 0.33 min
2025-12-06T16:54:58 [train_12_08_16_45_randomforest_train] INFO: 2025-12-06T16:54:58 [INFO] Iteration 3 finished in 1.67 min (AUC=0.8316, best_AUC=0.8316)
2025-12-06T16:55:10 [train_12_08_16_45_randomforest_train] INFO: 2025-12-06T16:55:10 [INFO]    Fold 1/5 finished in 0.20 min
2025-12-06T16:55:20 [train_12_08_16_45_randomforest_train] INFO: 2025-12-06T16:55:20 [INFO]    Fold 2/5 finished in 0.17 min
2025-12-06T16:55:31 [train_12_08_16_45_randomforest_train] INFO: 2025-12-06T16:55:31 [INFO]    Fold 3/5 finished in 0.18 min
2025-12-06T16:55:41 [train_12_08_16_45_randomforest_train] INFO: 2025-12-06T16:55:41 [INFO]    Fold 4/5 finished in 0.18 min
2025-12-06T16:55:52 [train_12_08_16_45_randomforest_train] INFO: 2025-12-06T16:55:52 [INFO]    Fold 5/5 finished in 0.17 min
2025-12-06T16:55:52 [train_12_08_16_45_randomforest_train] INFO: 2025-12-06T16:55:52 [INFO] Iteration 4 finished in 0.90 min (AUC=0.8296, best_AUC=0.8316)
2025-12-06T16:56:14 [train_12_08_16_45_randomforest_train] INFO: 2025-12-06T16:56:14 [INFO]    Fold 1/5 finished in 0.37 min
2025-12-06T16:56:36 [train_12_08_16_45_randomforest_train] INFO: 2025-12-06T16:56:36 [INFO]    Fold 2/5 finished in 0.37 min
2025-12-06T16:56:59 [train_12_08_16_45_randomforest_train] INFO: 2025-12-06T16:56:59 [INFO]    Fold 3/5 finished in 0.38 min
2025-12-06T16:57:21 [train_12_08_16_45_randomforest_train] INFO: 2025-12-06T16:57:21 [INFO]    Fold 4/5 finished in 0.37 min
2025-12-06T16:57:44 [train_12_08_16_45_randomforest_train] INFO: 2025-12-06T16:57:44 [INFO]    Fold 5/5 finished in 0.37 min
2025-12-06T16:57:44 [train_12_08_16_45_randomforest_train] INFO: 2025-12-06T16:57:44 [INFO] Iteration 5 finished in 1.87 min (AUC=0.8328, best_AUC=0.8328)
2025-12-06T16:58:12 [train_12_08_16_45_randomforest_train] INFO: 2025-12-06T16:58:12 [INFO]    Fold 1/5 finished in 0.48 min
2025-12-06T16:58:40 [train_12_08_16_45_randomforest_train] INFO: 2025-12-06T16:58:40 [INFO]    Fold 2/5 finished in 0.46 min
2025-12-06T16:59:08 [train_12_08_16_45_randomforest_train] INFO: 2025-12-06T16:59:08 [INFO]    Fold 3/5 finished in 0.46 min
2025-12-06T16:59:36 [train_12_08_16_45_randomforest_train] INFO: 2025-12-06T16:59:36 [INFO]    Fold 4/5 finished in 0.47 min
2025-12-06T17:00:03 [train_12_08_16_45_randomforest_train] INFO: 2025-12-06T17:00:03 [INFO]    Fold 5/5 finished in 0.46 min
2025-12-06T17:00:03 [train_12_08_16_45_randomforest_train] INFO: 2025-12-06T17:00:03 [INFO] Iteration 6 finished in 2.33 min (AUC=0.8432, best_AUC=0.8432)
2025-12-06T17:01:00 [train_12_08_16_45_randomforest_train] INFO: 2025-12-06T17:01:00 [INFO]    Fold 1/5 finished in 0.94 min
2025-12-06T17:01:56 [train_12_08_16_45_randomforest_train] INFO: 2025-12-06T17:01:56 [INFO]    Fold 2/5 finished in 0.94 min
2025-12-06T17:02:53 [train_12_08_16_45_randomforest_train] INFO: 2025-12-06T17:02:53 [INFO]    Fold 3/5 finished in 0.95 min
2025-12-06T17:03:50 [train_12_08_16_45_randomforest_train] INFO: 2025-12-06T17:03:50 [INFO]    Fold 4/5 finished in 0.95 min
2025-12-06T17:04:47 [train_12_08_16_45_randomforest_train] INFO: 2025-12-06T17:04:47 [INFO]    Fold 5/5 finished in 0.95 min
2025-12-06T17:04:47 [train_12_08_16_45_randomforest_train] INFO: 2025-12-06T17:04:47 [INFO] Iteration 7 finished in 4.72 min (AUC=0.8458, best_AUC=0.8458)
2025-12-06T17:05:14 [train_12_08_16_45_randomforest_train] INFO: 2025-12-06T17:05:14 [INFO]    Fold 1/5 finished in 0.46 min
2025-12-06T17:05:41 [train_12_08_16_45_randomforest_train] INFO: 2025-12-06T17:05:41 [INFO]    Fold 2/5 finished in 0.44 min
2025-12-06T17:06:09 [train_12_08_16_45_randomforest_train] INFO: 2025-12-06T17:06:09 [INFO]    Fold 3/5 finished in 0.47 min
2025-12-06T17:06:36 [train_12_08_16_45_randomforest_train] INFO: 2025-12-06T17:06:36 [INFO]    Fold 4/5 finished in 0.45 min
2025-12-06T17:07:05 [train_12_08_16_45_randomforest_train] INFO: 2025-12-06T17:07:05 [INFO]    Fold 5/5 finished in 0.48 min
2025-12-06T17:07:05 [train_12_08_16_45_randomforest_train] INFO: 2025-12-06T17:07:05 [INFO] Iteration 8 finished in 2.30 min (AUC=0.8318, best_AUC=0.8458)
2025-12-06T17:08:06 [train_12_08_16_45_randomforest_train] INFO: 2025-12-06T17:08:06 [INFO]    Fold 1/5 finished in 1.03 min
2025-12-06T17:09:06 [train_12_08_16_45_randomforest_train] INFO: 2025-12-06T17:09:06 [INFO]    Fold 2/5 finished in 0.99 min
2025-12-06T17:10:23 [train_12_08_16_45_randomforest_train] INFO: 2025-12-06T17:10:23 [INFO]    Fold 3/5 finished in 1.29 min
2025-12-06T17:11:28 [train_12_08_16_45_randomforest_train] INFO: 2025-12-06T17:11:28 [INFO]    Fold 4/5 finished in 1.09 min
2025-12-06T17:12:32 [train_12_08_16_45_randomforest_train] INFO: 2025-12-06T17:12:32 [INFO]    Fold 5/5 finished in 1.07 min
2025-12-06T17:12:33 [train_12_08_16_45_randomforest_train] INFO: 2025-12-06T17:12:33 [INFO] Iteration 9 finished in 5.46 min (AUC=0.8460, best_AUC=0.8460)
2025-12-06T17:12:56 [train_12_08_16_45_randomforest_train] INFO: 2025-12-06T17:12:56 [INFO]    Fold 1/5 finished in 0.39 min
2025-12-06T17:13:21 [train_12_08_16_45_randomforest_train] INFO: 2025-12-06T17:13:21 [INFO]    Fold 2/5 finished in 0.42 min
2025-12-06T17:13:46 [train_12_08_16_45_randomforest_train] INFO: 2025-12-06T17:13:46 [INFO]    Fold 3/5 finished in 0.40 min
2025-12-06T17:14:09 [train_12_08_16_45_randomforest_train] INFO: 2025-12-06T17:14:09 [INFO]    Fold 4/5 finished in 0.39 min
2025-12-06T17:14:31 [train_12_08_16_45_randomforest_train] INFO: 2025-12-06T17:14:31 [INFO]    Fold 5/5 finished in 0.37 min
2025-12-06T17:14:31 [train_12_08_16_45_randomforest_train] INFO: 2025-12-06T17:14:31 [INFO] Iteration 10 finished in 1.98 min (AUC=0.8328, best_AUC=0.8460)
2025-12-06T17:15:59 [train_12_08_16_45_randomforest_train] INFO: 2025-12-06T17:15:59 [INFO]    Fold 1/5 finished in 1.46 min
2025-12-06T17:17:36 [train_12_08_16_45_randomforest_train] INFO: 2025-12-06T17:17:36 [INFO]    Fold 2/5 finished in 1.62 min
2025-12-06T17:19:21 [train_12_08_16_45_randomforest_train] INFO: 2025-12-06T17:19:21 [INFO]    Fold 3/5 finished in 1.75 min
2025-12-06T17:21:01 [train_12_08_16_45_randomforest_train] INFO: 2025-12-06T17:21:01 [INFO]    Fold 4/5 finished in 1.67 min
2025-12-06T17:22:40 [train_12_08_16_45_randomforest_train] INFO: 2025-12-06T17:22:40 [INFO]    Fold 5/5 finished in 1.64 min
2025-12-06T17:22:40 [train_12_08_16_45_randomforest_train] INFO: 2025-12-06T17:22:40 [INFO] Iteration 11 finished in 8.14 min (AUC=0.8464, best_AUC=0.8464)
2025-12-06T17:24:11 [train_12_08_16_45_randomforest_train] INFO: 2025-12-06T17:24:11 [INFO]    Fold 1/5 finished in 1.52 min
2025-12-06T17:25:45 [train_12_08_16_45_randomforest_train] INFO: 2025-12-06T17:25:45 [INFO]    Fold 2/5 finished in 1.56 min
2025-12-06T17:27:16 [train_12_08_16_45_randomforest_train] INFO: 2025-12-06T17:27:16 [INFO]    Fold 3/5 finished in 1.53 min
2025-12-06T17:28:51 [train_12_08_16_45_randomforest_train] INFO: 2025-12-06T17:28:51 [INFO]    Fold 4/5 finished in 1.57 min
2025-12-06T17:30:36 [train_12_08_16_45_randomforest_train] INFO: 2025-12-06T17:30:36 [INFO]    Fold 5/5 finished in 1.75 min
2025-12-06T17:30:36 [train_12_08_16_45_randomforest_train] INFO: 2025-12-06T17:30:36 [INFO] Iteration 12 finished in 7.94 min (AUC=0.8464, best_AUC=0.8464)
2025-12-06T17:32:26 [train_12_08_16_45_randomforest_train] INFO: 2025-12-06T17:32:26 [INFO]    Fold 1/5 finished in 1.83 min
2025-12-06T17:33:56 [train_12_08_16_45_randomforest_train] INFO: 2025-12-06T17:33:56 [INFO]    Fold 2/5 finished in 1.49 min
2025-12-06T17:35:21 [train_12_08_16_45_randomforest_train] INFO: 2025-12-06T17:35:21 [INFO]    Fold 3/5 finished in 1.43 min
2025-12-06T17:36:48 [train_12_08_16_45_randomforest_train] INFO: 2025-12-06T17:36:48 [INFO]    Fold 4/5 finished in 1.44 min
2025-12-06T17:38:13 [train_12_08_16_45_randomforest_train] INFO: 2025-12-06T17:38:13 [INFO]    Fold 5/5 finished in 1.41 min
2025-12-06T17:38:13 [train_12_08_16_45_randomforest_train] INFO: 2025-12-06T17:38:13 [INFO] Iteration 13 finished in 7.61 min (AUC=0.8464, best_AUC=0.8464)
2025-12-06T17:39:38 [train_12_08_16_45_randomforest_train] INFO: 2025-12-06T17:39:38 [INFO]    Fold 1/5 finished in 1.42 min
2025-12-06T17:41:13 [train_12_08_16_45_randomforest_train] INFO: 2025-12-06T17:41:13 [INFO]    Fold 2/5 finished in 1.58 min
2025-12-06T17:43:13 [train_12_08_16_45_randomforest_train] INFO: 2025-12-06T17:43:13 [INFO]    Fold 3/5 finished in 2.01 min
2025-12-06T17:45:05 [train_12_08_16_45_randomforest_train] INFO: 2025-12-06T17:45:05 [INFO]    Fold 4/5 finished in 1.86 min
2025-12-06T17:46:45 [train_12_08_16_45_randomforest_train] INFO: 2025-12-06T17:46:45 [INFO]    Fold 5/5 finished in 1.68 min
2025-12-06T17:46:45 [train_12_08_16_45_randomforest_train] INFO: 2025-12-06T17:46:45 [INFO] Iteration 14 finished in 8.55 min (AUC=0.8464, best_AUC=0.8464)
2025-12-06T17:47:40 [train_12_08_16_45_randomforest_train] INFO: Initialized logger.
2025-12-06T17:47:41 [train_12_08_16_45_randomforest_train] INFO: Number of single-cells total per plate:
2025-12-06T17:47:41 [train_12_08_16_45_randomforest_train] INFO: Plate 3: 10206
2025-12-06T17:47:41 [train_12_08_16_45_randomforest_train] INFO: Plate 3 prime: 5126
2025-12-06T17:47:41 [train_12_08_16_45_randomforest_train] INFO: Plate 5: 5348
2025-12-06T17:47:43 [train_12_08_16_45_randomforest_train] INFO: 2025-12-06T17:47:43 [INFO] Loaded Optuna study 'rf_cv' with 15 total trials (14 completed). Target total trials = 50. Running 36 new trials in this session.
2025-12-06T17:49:21 [train_12_08_16_45_randomforest_train] INFO: 2025-12-06T17:49:21 [INFO]    Fold 1/5 finished in 1.63 min
2025-12-06T17:51:18 [train_12_08_16_45_randomforest_train] INFO: 2025-12-06T17:51:18 [INFO]    Fold 2/5 finished in 1.95 min
2025-12-06T17:53:02 [train_12_08_16_45_randomforest_train] INFO: 2025-12-06T17:53:02 [INFO]    Fold 3/5 finished in 1.73 min
2025-12-06T17:54:38 [train_12_08_16_45_randomforest_train] INFO: 2025-12-06T17:54:38 [INFO]    Fold 4/5 finished in 1.61 min
2025-12-06T17:56:20 [train_12_08_16_45_randomforest_train] INFO: 2025-12-06T17:56:20 [INFO]    Fold 5/5 finished in 1.71 min
2025-12-06T17:56:21 [train_12_08_16_45_randomforest_train] INFO: 2025-12-06T17:56:21 [INFO] Iteration 15 finished in 8.62 min (AUC=0.8464, best_AUC=0.8464)
2025-12-06T17:58:10 [train_12_08_16_45_randomforest_train] INFO: 2025-12-06T17:58:10 [INFO]    Fold 1/5 finished in 1.82 min
2025-12-06T17:59:53 [train_12_08_16_45_randomforest_train] INFO: 2025-12-06T17:59:53 [INFO]    Fold 2/5 finished in 1.72 min
2025-12-06T18:01:36 [train_12_08_16_45_randomforest_train] INFO: 2025-12-06T18:01:36 [INFO]    Fold 3/5 finished in 1.71 min
2025-12-06T18:03:17 [train_12_08_16_45_randomforest_train] INFO: 2025-12-06T18:03:17 [INFO]    Fold 4/5 finished in 1.69 min
2025-12-06T18:04:57 [train_12_08_16_45_randomforest_train] INFO: 2025-12-06T18:04:57 [INFO]    Fold 5/5 finished in 1.67 min
2025-12-06T18:04:57 [train_12_08_16_45_randomforest_train] INFO: 2025-12-06T18:04:57 [INFO] Iteration 16 finished in 8.61 min (AUC=0.8479, best_AUC=0.8479)
2025-12-06T18:06:42 [train_12_08_16_45_randomforest_train] INFO: 2025-12-06T18:06:42 [INFO]    Fold 1/5 finished in 1.75 min
2025-12-06T18:08:26 [train_12_08_16_45_randomforest_train] INFO: 2025-12-06T18:08:26 [INFO]    Fold 2/5 finished in 1.73 min
2025-12-06T18:10:08 [train_12_08_16_45_randomforest_train] INFO: 2025-12-06T18:10:08 [INFO]    Fold 3/5 finished in 1.69 min
2025-12-06T18:11:50 [train_12_08_16_45_randomforest_train] INFO: 2025-12-06T18:11:50 [INFO]    Fold 4/5 finished in 1.70 min
2025-12-06T18:13:30 [train_12_08_16_45_randomforest_train] INFO: 2025-12-06T18:13:30 [INFO]    Fold 5/5 finished in 1.66 min
2025-12-06T18:13:30 [train_12_08_16_45_randomforest_train] INFO: 2025-12-06T18:13:30 [INFO] Iteration 17 finished in 8.54 min (AUC=0.8479, best_AUC=0.8479)
2025-12-06T18:15:14 [train_12_08_16_45_randomforest_train] INFO: 2025-12-06T18:15:14 [INFO]    Fold 1/5 finished in 1.74 min
2025-12-06T18:17:05 [train_12_08_16_45_randomforest_train] INFO: 2025-12-06T18:17:05 [INFO]    Fold 2/5 finished in 1.85 min
2025-12-06T18:18:48 [train_12_08_16_45_randomforest_train] INFO: 2025-12-06T18:18:48 [INFO]    Fold 3/5 finished in 1.71 min
2025-12-06T18:20:31 [train_12_08_16_45_randomforest_train] INFO: 2025-12-06T18:20:31 [INFO]    Fold 4/5 finished in 1.72 min
2025-12-06T18:22:14 [train_12_08_16_45_randomforest_train] INFO: 2025-12-06T18:22:14 [INFO]    Fold 5/5 finished in 1.72 min
2025-12-06T18:22:14 [train_12_08_16_45_randomforest_train] INFO: 2025-12-06T18:22:14 [INFO] Iteration 18 finished in 8.74 min (AUC=0.8479, best_AUC=0.8479)
2025-12-06T18:23:56 [train_12_08_16_45_randomforest_train] INFO: 2025-12-06T18:23:56 [INFO]    Fold 1/5 finished in 1.69 min
2025-12-06T18:25:38 [train_12_08_16_45_randomforest_train] INFO: 2025-12-06T18:25:38 [INFO]    Fold 2/5 finished in 1.70 min
2025-12-06T18:27:21 [train_12_08_16_45_randomforest_train] INFO: 2025-12-06T18:27:21 [INFO]    Fold 3/5 finished in 1.72 min
2025-12-06T18:29:05 [train_12_08_16_45_randomforest_train] INFO: 2025-12-06T18:29:05 [INFO]    Fold 4/5 finished in 1.73 min
2025-12-06T18:30:48 [train_12_08_16_45_randomforest_train] INFO: 2025-12-06T18:30:48 [INFO]    Fold 5/5 finished in 1.72 min
2025-12-06T18:30:48 [train_12_08_16_45_randomforest_train] INFO: 2025-12-06T18:30:48 [INFO] Iteration 19 finished in 8.56 min (AUC=0.8479, best_AUC=0.8479)
2025-12-06T18:32:32 [train_12_08_16_45_randomforest_train] INFO: 2025-12-06T18:32:32 [INFO]    Fold 1/5 finished in 1.73 min
2025-12-06T18:34:15 [train_12_08_16_45_randomforest_train] INFO: 2025-12-06T18:34:15 [INFO]    Fold 2/5 finished in 1.72 min
2025-12-06T18:35:57 [train_12_08_16_45_randomforest_train] INFO: 2025-12-06T18:35:57 [INFO]    Fold 3/5 finished in 1.70 min
2025-12-06T18:37:38 [train_12_08_16_45_randomforest_train] INFO: 2025-12-06T18:37:38 [INFO]    Fold 4/5 finished in 1.69 min
2025-12-06T18:39:20 [train_12_08_16_45_randomforest_train] INFO: 2025-12-06T18:39:20 [INFO]    Fold 5/5 finished in 1.71 min
2025-12-06T18:39:20 [train_12_08_16_45_randomforest_train] INFO: 2025-12-06T18:39:20 [INFO] Iteration 20 finished in 8.54 min (AUC=0.8479, best_AUC=0.8479)
2025-12-06T18:41:03 [train_12_08_16_45_randomforest_train] INFO: 2025-12-06T18:41:03 [INFO]    Fold 1/5 finished in 1.72 min
2025-12-06T18:42:47 [train_12_08_16_45_randomforest_train] INFO: 2025-12-06T18:42:47 [INFO]    Fold 2/5 finished in 1.74 min
2025-12-06T18:44:32 [train_12_08_16_45_randomforest_train] INFO: 2025-12-06T18:44:32 [INFO]    Fold 3/5 finished in 1.74 min
2025-12-06T18:46:21 [train_12_08_16_45_randomforest_train] INFO: 2025-12-06T18:46:21 [INFO]    Fold 4/5 finished in 1.82 min
2025-12-06T18:48:04 [train_12_08_16_45_randomforest_train] INFO: 2025-12-06T18:48:04 [INFO]    Fold 5/5 finished in 1.73 min
2025-12-06T18:48:04 [train_12_08_16_45_randomforest_train] INFO: 2025-12-06T18:48:04 [INFO] Iteration 21 finished in 8.74 min (AUC=0.8479, best_AUC=0.8479)
2025-12-06T18:49:47 [train_12_08_16_45_randomforest_train] INFO: 2025-12-06T18:49:47 [INFO]    Fold 1/5 finished in 1.71 min
2025-12-06T18:51:30 [train_12_08_16_45_randomforest_train] INFO: 2025-12-06T18:51:30 [INFO]    Fold 2/5 finished in 1.71 min
2025-12-06T18:53:12 [train_12_08_16_45_randomforest_train] INFO: 2025-12-06T18:53:12 [INFO]    Fold 3/5 finished in 1.69 min
2025-12-06T18:54:52 [train_12_08_16_45_randomforest_train] INFO: 2025-12-06T18:54:52 [INFO]    Fold 4/5 finished in 1.67 min
2025-12-06T18:56:32 [train_12_08_16_45_randomforest_train] INFO: 2025-12-06T18:56:32 [INFO]    Fold 5/5 finished in 1.67 min
2025-12-06T18:56:32 [train_12_08_16_45_randomforest_train] INFO: 2025-12-06T18:56:32 [INFO] Iteration 22 finished in 8.45 min (AUC=0.8479, best_AUC=0.8479)
2025-12-06T18:58:15 [train_12_08_16_45_randomforest_train] INFO: 2025-12-06T18:58:15 [INFO]    Fold 1/5 finished in 1.72 min
2025-12-06T18:59:59 [train_12_08_16_45_randomforest_train] INFO: 2025-12-06T18:59:59 [INFO]    Fold 2/5 finished in 1.73 min
2025-12-06T19:01:45 [train_12_08_16_45_randomforest_train] INFO: 2025-12-06T19:01:45 [INFO]    Fold 3/5 finished in 1.77 min
2025-12-06T19:03:29 [train_12_08_16_45_randomforest_train] INFO: 2025-12-06T19:03:29 [INFO]    Fold 4/5 finished in 1.73 min
2025-12-06T19:05:13 [train_12_08_16_45_randomforest_train] INFO: 2025-12-06T19:05:13 [INFO]    Fold 5/5 finished in 1.73 min
2025-12-06T19:05:13 [train_12_08_16_45_randomforest_train] INFO: 2025-12-06T19:05:13 [INFO] Iteration 23 finished in 8.68 min (AUC=0.8479, best_AUC=0.8479)
2025-12-06T19:06:54 [train_12_08_16_45_randomforest_train] INFO: 2025-12-06T19:06:54 [INFO]    Fold 1/5 finished in 1.68 min
2025-12-06T19:08:38 [train_12_08_16_45_randomforest_train] INFO: 2025-12-06T19:08:38 [INFO]    Fold 2/5 finished in 1.73 min
2025-12-06T19:10:21 [train_12_08_16_45_randomforest_train] INFO: 2025-12-06T19:10:21 [INFO]    Fold 3/5 finished in 1.73 min
2025-12-06T19:12:03 [train_12_08_16_45_randomforest_train] INFO: 2025-12-06T19:12:03 [INFO]    Fold 4/5 finished in 1.70 min
2025-12-06T19:13:45 [train_12_08_16_45_randomforest_train] INFO: 2025-12-06T19:13:45 [INFO]    Fold 5/5 finished in 1.69 min
2025-12-06T19:13:45 [train_12_08_16_45_randomforest_train] INFO: 2025-12-06T19:13:45 [INFO] Iteration 24 finished in 8.53 min (AUC=0.8479, best_AUC=0.8479)
2025-12-06T19:15:28 [train_12_08_16_45_randomforest_train] INFO: 2025-12-06T19:15:28 [INFO]    Fold 1/5 finished in 1.73 min
2025-12-06T19:17:12 [train_12_08_16_45_randomforest_train] INFO: 2025-12-06T19:17:12 [INFO]    Fold 2/5 finished in 1.73 min
2025-12-06T19:18:54 [train_12_08_16_45_randomforest_train] INFO: 2025-12-06T19:18:54 [INFO]    Fold 3/5 finished in 1.70 min
2025-12-06T19:20:36 [train_12_08_16_45_randomforest_train] INFO: 2025-12-06T19:20:36 [INFO]    Fold 4/5 finished in 1.70 min
2025-12-06T19:22:26 [train_12_08_16_45_randomforest_train] INFO: 2025-12-06T19:22:26 [INFO]    Fold 5/5 finished in 1.83 min
2025-12-06T19:22:26 [train_12_08_16_45_randomforest_train] INFO: 2025-12-06T19:22:26 [INFO] Iteration 25 finished in 8.69 min (AUC=0.8479, best_AUC=0.8479)
2025-12-06T19:24:04 [train_12_08_16_45_randomforest_train] INFO: 2025-12-06T19:24:04 [INFO]    Fold 1/5 finished in 1.63 min
2025-12-06T19:25:45 [train_12_08_16_45_randomforest_train] INFO: 2025-12-06T19:25:45 [INFO]    Fold 2/5 finished in 1.69 min
2025-12-06T19:27:26 [train_12_08_16_45_randomforest_train] INFO: 2025-12-06T19:27:26 [INFO]    Fold 3/5 finished in 1.68 min
2025-12-06T19:29:06 [train_12_08_16_45_randomforest_train] INFO: 2025-12-06T19:29:06 [INFO]    Fold 4/5 finished in 1.66 min
2025-12-06T19:30:45 [train_12_08_16_45_randomforest_train] INFO: 2025-12-06T19:30:45 [INFO]    Fold 5/5 finished in 1.65 min
2025-12-06T19:30:45 [train_12_08_16_45_randomforest_train] INFO: 2025-12-06T19:30:45 [INFO] Iteration 26 finished in 8.32 min (AUC=0.8479, best_AUC=0.8479)
2025-12-06T19:32:33 [train_12_08_16_45_randomforest_train] INFO: 2025-12-06T19:32:33 [INFO]    Fold 1/5 finished in 1.80 min
2025-12-06T19:34:35 [train_12_08_16_45_randomforest_train] INFO: 2025-12-06T19:34:35 [INFO]    Fold 2/5 finished in 2.04 min
2025-12-06T19:36:22 [train_12_08_16_45_randomforest_train] INFO: 2025-12-06T19:36:22 [INFO]    Fold 3/5 finished in 1.78 min
2025-12-06T19:38:09 [train_12_08_16_45_randomforest_train] INFO: 2025-12-06T19:38:09 [INFO]    Fold 4/5 finished in 1.77 min
2025-12-06T19:39:51 [train_12_08_16_45_randomforest_train] INFO: 2025-12-06T19:39:51 [INFO]    Fold 5/5 finished in 1.71 min
2025-12-06T19:39:51 [train_12_08_16_45_randomforest_train] INFO: 2025-12-06T19:39:51 [INFO] Iteration 27 finished in 9.10 min (AUC=0.8479, best_AUC=0.8479)
2025-12-06T19:41:34 [train_12_08_16_45_randomforest_train] INFO: 2025-12-06T19:41:34 [INFO]    Fold 1/5 finished in 1.71 min
2025-12-06T19:43:17 [train_12_08_16_45_randomforest_train] INFO: 2025-12-06T19:43:17 [INFO]    Fold 2/5 finished in 1.72 min
2025-12-06T19:44:59 [train_12_08_16_45_randomforest_train] INFO: 2025-12-06T19:44:59 [INFO]    Fold 3/5 finished in 1.69 min
2025-12-06T19:46:40 [train_12_08_16_45_randomforest_train] INFO: 2025-12-06T19:46:40 [INFO]    Fold 4/5 finished in 1.68 min
2025-12-06T19:48:20 [train_12_08_16_45_randomforest_train] INFO: 2025-12-06T19:48:20 [INFO]    Fold 5/5 finished in 1.68 min
2025-12-06T19:48:20 [train_12_08_16_45_randomforest_train] INFO: 2025-12-06T19:48:20 [INFO] Iteration 28 finished in 8.49 min (AUC=0.8479, best_AUC=0.8479)
2025-12-06T19:50:01 [train_12_08_16_45_randomforest_train] INFO: 2025-12-06T19:50:01 [INFO]    Fold 1/5 finished in 1.68 min
2025-12-06T19:51:45 [train_12_08_16_45_randomforest_train] INFO: 2025-12-06T19:51:45 [INFO]    Fold 2/5 finished in 1.73 min
2025-12-06T19:53:27 [train_12_08_16_45_randomforest_train] INFO: 2025-12-06T19:53:27 [INFO]    Fold 3/5 finished in 1.70 min
2025-12-06T19:55:10 [train_12_08_16_45_randomforest_train] INFO: 2025-12-06T19:55:10 [INFO]    Fold 4/5 finished in 1.71 min
2025-12-06T19:56:51 [train_12_08_16_45_randomforest_train] INFO: 2025-12-06T19:56:51 [INFO]    Fold 5/5 finished in 1.68 min
2025-12-06T19:56:51 [train_12_08_16_45_randomforest_train] INFO: 2025-12-06T19:56:51 [INFO] Iteration 29 finished in 8.50 min (AUC=0.8479, best_AUC=0.8479)
2025-12-06T19:57:29 [train_12_08_16_45_randomforest_train] INFO: 2025-12-06T19:57:29 [INFO]    Fold 1/5 finished in 0.64 min
2025-12-06T19:58:07 [train_12_08_16_45_randomforest_train] INFO: 2025-12-06T19:58:07 [INFO]    Fold 2/5 finished in 0.63 min
2025-12-06T19:58:44 [train_12_08_16_45_randomforest_train] INFO: 2025-12-06T19:58:44 [INFO]    Fold 3/5 finished in 0.62 min
2025-12-06T19:59:23 [train_12_08_16_45_randomforest_train] INFO: 2025-12-06T19:59:23 [INFO]    Fold 4/5 finished in 0.64 min
2025-12-06T20:00:02 [train_12_08_16_45_randomforest_train] INFO: 2025-12-06T20:00:02 [INFO]    Fold 5/5 finished in 0.66 min
2025-12-06T20:00:02 [train_12_08_16_45_randomforest_train] INFO: 2025-12-06T20:00:02 [INFO] Iteration 30 finished in 3.19 min (AUC=0.8444, best_AUC=0.8479)
2025-12-06T20:00:37 [train_12_08_16_45_randomforest_train] INFO: 2025-12-06T20:00:37 [INFO]    Fold 1/5 finished in 0.57 min
2025-12-06T20:01:12 [train_12_08_16_45_randomforest_train] INFO: 2025-12-06T20:01:12 [INFO]    Fold 2/5 finished in 0.60 min
2025-12-06T20:01:45 [train_12_08_16_45_randomforest_train] INFO: 2025-12-06T20:01:45 [INFO]    Fold 3/5 finished in 0.54 min
2025-12-06T20:02:17 [train_12_08_16_45_randomforest_train] INFO: 2025-12-06T20:02:17 [INFO]    Fold 4/5 finished in 0.53 min
2025-12-06T20:02:49 [train_12_08_16_45_randomforest_train] INFO: 2025-12-06T20:02:49 [INFO]    Fold 5/5 finished in 0.54 min
2025-12-06T20:02:49 [train_12_08_16_45_randomforest_train] INFO: 2025-12-06T20:02:49 [INFO] Iteration 31 finished in 2.78 min (AUC=0.8432, best_AUC=0.8479)
2025-12-06T20:04:30 [train_12_08_16_45_randomforest_train] INFO: 2025-12-06T20:04:30 [INFO]    Fold 1/5 finished in 1.68 min
2025-12-06T20:06:12 [train_12_08_16_45_randomforest_train] INFO: 2025-12-06T20:06:12 [INFO]    Fold 2/5 finished in 1.70 min
2025-12-06T20:07:56 [train_12_08_16_45_randomforest_train] INFO: 2025-12-06T20:07:56 [INFO]    Fold 3/5 finished in 1.72 min
2025-12-06T20:09:40 [train_12_08_16_45_randomforest_train] INFO: 2025-12-06T20:09:40 [INFO]    Fold 4/5 finished in 1.74 min
2025-12-06T20:11:24 [train_12_08_16_45_randomforest_train] INFO: 2025-12-06T20:11:24 [INFO]    Fold 5/5 finished in 1.72 min
2025-12-06T20:11:24 [train_12_08_16_45_randomforest_train] INFO: 2025-12-06T20:11:24 [INFO] Iteration 32 finished in 8.58 min (AUC=0.8479, best_AUC=0.8479)
2025-12-06T20:13:05 [train_12_08_16_45_randomforest_train] INFO: 2025-12-06T20:13:05 [INFO]    Fold 1/5 finished in 1.69 min
2025-12-06T20:14:49 [train_12_08_16_45_randomforest_train] INFO: 2025-12-06T20:14:49 [INFO]    Fold 2/5 finished in 1.73 min
2025-12-06T20:16:31 [train_12_08_16_45_randomforest_train] INFO: 2025-12-06T20:16:31 [INFO]    Fold 3/5 finished in 1.71 min
2025-12-06T20:18:16 [train_12_08_16_45_randomforest_train] INFO: 2025-12-06T20:18:16 [INFO]    Fold 4/5 finished in 1.74 min
2025-12-06T20:19:59 [train_12_08_16_45_randomforest_train] INFO: 2025-12-06T20:19:59 [INFO]    Fold 5/5 finished in 1.73 min
2025-12-06T20:19:59 [train_12_08_16_45_randomforest_train] INFO: 2025-12-06T20:19:59 [INFO] Iteration 33 finished in 8.59 min (AUC=0.8479, best_AUC=0.8479)
2025-12-06T20:21:45 [train_12_08_16_45_randomforest_train] INFO: 2025-12-06T20:21:45 [INFO]    Fold 1/5 finished in 1.76 min
2025-12-06T20:23:28 [train_12_08_16_45_randomforest_train] INFO: 2025-12-06T20:23:28 [INFO]    Fold 2/5 finished in 1.72 min
2025-12-06T20:25:10 [train_12_08_16_45_randomforest_train] INFO: 2025-12-06T20:25:10 [INFO]    Fold 3/5 finished in 1.70 min
2025-12-06T20:26:53 [train_12_08_16_45_randomforest_train] INFO: 2025-12-06T20:26:53 [INFO]    Fold 4/5 finished in 1.72 min
2025-12-06T20:28:35 [train_12_08_16_45_randomforest_train] INFO: 2025-12-06T20:28:35 [INFO]    Fold 5/5 finished in 1.69 min
2025-12-06T20:28:35 [train_12_08_16_45_randomforest_train] INFO: 2025-12-06T20:28:35 [INFO] Iteration 34 finished in 8.59 min (AUC=0.8479, best_AUC=0.8479)
2025-12-06T20:29:11 [train_12_08_16_45_randomforest_train] INFO: 2025-12-06T20:29:11 [INFO]    Fold 1/5 finished in 0.61 min
2025-12-06T20:29:47 [train_12_08_16_45_randomforest_train] INFO: 2025-12-06T20:29:47 [INFO]    Fold 2/5 finished in 0.59 min
2025-12-06T20:30:23 [train_12_08_16_45_randomforest_train] INFO: 2025-12-06T20:30:23 [INFO]    Fold 3/5 finished in 0.60 min
2025-12-06T20:30:58 [train_12_08_16_45_randomforest_train] INFO: 2025-12-06T20:30:58 [INFO]    Fold 4/5 finished in 0.60 min
2025-12-06T20:31:34 [train_12_08_16_45_randomforest_train] INFO: 2025-12-06T20:31:34 [INFO]    Fold 5/5 finished in 0.59 min
2025-12-06T20:31:34 [train_12_08_16_45_randomforest_train] INFO: 2025-12-06T20:31:34 [INFO] Iteration 35 finished in 2.99 min (AUC=0.8332, best_AUC=0.8479)
2025-12-06T20:31:47 [train_12_08_16_45_randomforest_train] INFO: 2025-12-06T20:31:47 [INFO]    Fold 1/5 finished in 0.22 min
2025-12-06T20:32:01 [train_12_08_16_45_randomforest_train] INFO: 2025-12-06T20:32:01 [INFO]    Fold 2/5 finished in 0.22 min
2025-12-06T20:32:15 [train_12_08_16_45_randomforest_train] INFO: 2025-12-06T20:32:15 [INFO]    Fold 3/5 finished in 0.24 min
2025-12-06T20:32:30 [train_12_08_16_45_randomforest_train] INFO: 2025-12-06T20:32:30 [INFO]    Fold 4/5 finished in 0.24 min
2025-12-06T20:32:43 [train_12_08_16_45_randomforest_train] INFO: 2025-12-06T20:32:43 [INFO]    Fold 5/5 finished in 0.23 min
2025-12-06T20:32:43 [train_12_08_16_45_randomforest_train] INFO: 2025-12-06T20:32:43 [INFO] Iteration 36 finished in 1.16 min (AUC=0.8292, best_AUC=0.8479)
2025-12-06T20:33:46 [train_12_08_16_45_randomforest_train] INFO: 2025-12-06T20:33:46 [INFO]    Fold 1/5 finished in 1.04 min
2025-12-06T20:34:49 [train_12_08_16_45_randomforest_train] INFO: 2025-12-06T20:34:49 [INFO]    Fold 2/5 finished in 1.06 min
2025-12-06T20:35:52 [train_12_08_16_45_randomforest_train] INFO: 2025-12-06T20:35:52 [INFO]    Fold 3/5 finished in 1.05 min
2025-12-06T20:36:56 [train_12_08_16_45_randomforest_train] INFO: 2025-12-06T20:36:56 [INFO]    Fold 4/5 finished in 1.06 min
2025-12-06T20:37:58 [train_12_08_16_45_randomforest_train] INFO: 2025-12-06T20:37:58 [INFO]    Fold 5/5 finished in 1.04 min
2025-12-06T20:37:58 [train_12_08_16_45_randomforest_train] INFO: 2025-12-06T20:37:58 [INFO] Iteration 37 finished in 5.25 min (AUC=0.8451, best_AUC=0.8479)
2025-12-06T20:39:42 [train_12_08_16_45_randomforest_train] INFO: 2025-12-06T20:39:42 [INFO]    Fold 1/5 finished in 1.72 min
2025-12-06T20:41:26 [train_12_08_16_45_randomforest_train] INFO: 2025-12-06T20:41:26 [INFO]    Fold 2/5 finished in 1.74 min
2025-12-06T20:43:08 [train_12_08_16_45_randomforest_train] INFO: 2025-12-06T20:43:08 [INFO]    Fold 3/5 finished in 1.70 min
2025-12-06T20:44:51 [train_12_08_16_45_randomforest_train] INFO: 2025-12-06T20:44:51 [INFO]    Fold 4/5 finished in 1.72 min
2025-12-06T20:46:34 [train_12_08_16_45_randomforest_train] INFO: 2025-12-06T20:46:34 [INFO]    Fold 5/5 finished in 1.72 min
2025-12-06T20:46:34 [train_12_08_16_45_randomforest_train] INFO: 2025-12-06T20:46:34 [INFO] Iteration 38 finished in 8.60 min (AUC=0.8479, best_AUC=0.8479)
2025-12-06T20:46:47 [train_12_08_16_45_randomforest_train] INFO: 2025-12-06T20:46:47 [INFO]    Fold 1/5 finished in 0.21 min
2025-12-06T20:46:58 [train_12_08_16_45_randomforest_train] INFO: 2025-12-06T20:46:58 [INFO]    Fold 2/5 finished in 0.19 min
2025-12-06T20:47:10 [train_12_08_16_45_randomforest_train] INFO: 2025-12-06T20:47:10 [INFO]    Fold 3/5 finished in 0.20 min
2025-12-06T20:47:23 [train_12_08_16_45_randomforest_train] INFO: 2025-12-06T20:47:23 [INFO]    Fold 4/5 finished in 0.21 min
2025-12-06T20:47:35 [train_12_08_16_45_randomforest_train] INFO: 2025-12-06T20:47:35 [INFO]    Fold 5/5 finished in 0.21 min
2025-12-06T20:47:35 [train_12_08_16_45_randomforest_train] INFO: 2025-12-06T20:47:35 [INFO] Iteration 39 finished in 1.02 min (AUC=0.8296, best_AUC=0.8479)
2025-12-06T20:48:44 [train_12_08_16_45_randomforest_train] INFO: 2025-12-06T20:48:43 [INFO]    Fold 1/5 finished in 1.13 min
2025-12-06T20:49:53 [train_12_08_16_45_randomforest_train] INFO: 2025-12-06T20:49:53 [INFO]    Fold 2/5 finished in 1.17 min
2025-12-06T20:51:02 [train_12_08_16_45_randomforest_train] INFO: 2025-12-06T20:51:02 [INFO]    Fold 3/5 finished in 1.14 min
2025-12-06T20:52:12 [train_12_08_16_45_randomforest_train] INFO: 2025-12-06T20:52:12 [INFO]    Fold 4/5 finished in 1.18 min
2025-12-06T20:53:21 [train_12_08_16_45_randomforest_train] INFO: 2025-12-06T20:53:21 [INFO]    Fold 5/5 finished in 1.14 min
2025-12-06T20:53:21 [train_12_08_16_45_randomforest_train] INFO: 2025-12-06T20:53:21 [INFO] Iteration 40 finished in 5.76 min (AUC=0.8473, best_AUC=0.8479)
2025-12-06T20:53:59 [train_12_08_16_45_randomforest_train] INFO: 2025-12-06T20:53:59 [INFO]    Fold 1/5 finished in 0.63 min
2025-12-06T20:54:37 [train_12_08_16_45_randomforest_train] INFO: 2025-12-06T20:54:37 [INFO]    Fold 2/5 finished in 0.64 min
2025-12-06T20:55:15 [train_12_08_16_45_randomforest_train] INFO: 2025-12-06T20:55:15 [INFO]    Fold 3/5 finished in 0.63 min
2025-12-06T20:55:51 [train_12_08_16_45_randomforest_train] INFO: 2025-12-06T20:55:51 [INFO]    Fold 4/5 finished in 0.62 min
2025-12-06T20:56:29 [train_12_08_16_45_randomforest_train] INFO: 2025-12-06T20:56:29 [INFO]    Fold 5/5 finished in 0.62 min
2025-12-06T20:56:29 [train_12_08_16_45_randomforest_train] INFO: 2025-12-06T20:56:29 [INFO] Iteration 41 finished in 3.13 min (AUC=0.8342, best_AUC=0.8479)
2025-12-06T20:58:12 [train_12_08_16_45_randomforest_train] INFO: 2025-12-06T20:58:12 [INFO]    Fold 1/5 finished in 1.72 min
2025-12-06T20:59:57 [train_12_08_16_45_randomforest_train] INFO: 2025-12-06T20:59:57 [INFO]    Fold 2/5 finished in 1.74 min
2025-12-06T21:01:44 [train_12_08_16_45_randomforest_train] INFO: 2025-12-06T21:01:44 [INFO]    Fold 3/5 finished in 1.78 min
2025-12-06T21:03:27 [train_12_08_16_45_randomforest_train] INFO: 2025-12-06T21:03:27 [INFO]    Fold 4/5 finished in 1.72 min
2025-12-06T21:05:11 [train_12_08_16_45_randomforest_train] INFO: 2025-12-06T21:05:11 [INFO]    Fold 5/5 finished in 1.73 min
2025-12-06T21:05:11 [train_12_08_16_45_randomforest_train] INFO: 2025-12-06T21:05:11 [INFO] Iteration 42 finished in 8.70 min (AUC=0.8479, best_AUC=0.8479)
2025-12-06T21:06:55 [train_12_08_16_45_randomforest_train] INFO: 2025-12-06T21:06:55 [INFO]    Fold 1/5 finished in 1.74 min
2025-12-06T21:08:39 [train_12_08_16_45_randomforest_train] INFO: 2025-12-06T21:08:39 [INFO]    Fold 2/5 finished in 1.72 min
2025-12-06T21:10:22 [train_12_08_16_45_randomforest_train] INFO: 2025-12-06T21:10:22 [INFO]    Fold 3/5 finished in 1.72 min
2025-12-06T21:12:06 [train_12_08_16_45_randomforest_train] INFO: 2025-12-06T21:12:06 [INFO]    Fold 4/5 finished in 1.72 min
2025-12-06T21:13:49 [train_12_08_16_45_randomforest_train] INFO: 2025-12-06T21:13:49 [INFO]    Fold 5/5 finished in 1.72 min
2025-12-06T21:13:49 [train_12_08_16_45_randomforest_train] INFO: 2025-12-06T21:13:49 [INFO] Iteration 43 finished in 8.63 min (AUC=0.8479, best_AUC=0.8479)
2025-12-06T21:15:33 [train_12_08_16_45_randomforest_train] INFO: 2025-12-06T21:15:33 [INFO]    Fold 1/5 finished in 1.74 min
2025-12-06T21:17:17 [train_12_08_16_45_randomforest_train] INFO: 2025-12-06T21:17:17 [INFO]    Fold 2/5 finished in 1.73 min
2025-12-06T21:18:59 [train_12_08_16_45_randomforest_train] INFO: 2025-12-06T21:18:59 [INFO]    Fold 3/5 finished in 1.71 min
2025-12-06T21:20:44 [train_12_08_16_45_randomforest_train] INFO: 2025-12-06T21:20:44 [INFO]    Fold 4/5 finished in 1.74 min
2025-12-06T21:22:27 [train_12_08_16_45_randomforest_train] INFO: 2025-12-06T21:22:27 [INFO]    Fold 5/5 finished in 1.72 min
2025-12-06T21:22:27 [train_12_08_16_45_randomforest_train] INFO: 2025-12-06T21:22:27 [INFO] Iteration 44 finished in 8.64 min (AUC=0.8479, best_AUC=0.8479)
2025-12-06T21:24:11 [train_12_08_16_45_randomforest_train] INFO: 2025-12-06T21:24:11 [INFO]    Fold 1/5 finished in 1.73 min
2025-12-06T21:25:52 [train_12_08_16_45_randomforest_train] INFO: 2025-12-06T21:25:52 [INFO]    Fold 2/5 finished in 1.69 min
2025-12-06T21:27:35 [train_12_08_16_45_randomforest_train] INFO: 2025-12-06T21:27:35 [INFO]    Fold 3/5 finished in 1.71 min
2025-12-06T21:29:17 [train_12_08_16_45_randomforest_train] INFO: 2025-12-06T21:29:17 [INFO]    Fold 4/5 finished in 1.70 min
2025-12-06T21:31:04 [train_12_08_16_45_randomforest_train] INFO: 2025-12-06T21:31:04 [INFO]    Fold 5/5 finished in 1.78 min
2025-12-06T21:31:04 [train_12_08_16_45_randomforest_train] INFO: 2025-12-06T21:31:04 [INFO] Iteration 45 finished in 8.61 min (AUC=0.8479, best_AUC=0.8479)
2025-12-06T21:32:46 [train_12_08_16_45_randomforest_train] INFO: 2025-12-06T21:32:46 [INFO]    Fold 1/5 finished in 1.70 min
2025-12-06T21:34:27 [train_12_08_16_45_randomforest_train] INFO: 2025-12-06T21:34:27 [INFO]    Fold 2/5 finished in 1.68 min
2025-12-06T21:36:10 [train_12_08_16_45_randomforest_train] INFO: 2025-12-06T21:36:10 [INFO]    Fold 3/5 finished in 1.72 min
2025-12-06T21:37:50 [train_12_08_16_45_randomforest_train] INFO: 2025-12-06T21:37:50 [INFO]    Fold 4/5 finished in 1.67 min
2025-12-06T21:39:31 [train_12_08_16_45_randomforest_train] INFO: 2025-12-06T21:39:31 [INFO]    Fold 5/5 finished in 1.67 min
2025-12-06T21:39:31 [train_12_08_16_45_randomforest_train] INFO: 2025-12-06T21:39:31 [INFO] Iteration 46 finished in 8.45 min (AUC=0.8479, best_AUC=0.8479)
2025-12-06T21:40:32 [train_12_08_16_45_randomforest_train] INFO: 2025-12-06T21:40:32 [INFO]    Fold 1/5 finished in 1.02 min
2025-12-06T21:41:34 [train_12_08_16_45_randomforest_train] INFO: 2025-12-06T21:41:34 [INFO]    Fold 2/5 finished in 1.03 min
2025-12-06T21:42:39 [train_12_08_16_45_randomforest_train] INFO: 2025-12-06T21:42:39 [INFO]    Fold 3/5 finished in 1.08 min
2025-12-06T21:43:40 [train_12_08_16_45_randomforest_train] INFO: 2025-12-06T21:43:40 [INFO]    Fold 4/5 finished in 1.02 min
2025-12-06T21:44:40 [train_12_08_16_45_randomforest_train] INFO: 2025-12-06T21:44:40 [INFO]    Fold 5/5 finished in 1.01 min
2025-12-06T21:44:41 [train_12_08_16_45_randomforest_train] INFO: 2025-12-06T21:44:41 [INFO] Iteration 47 finished in 5.16 min (AUC=0.8451, best_AUC=0.8479)
2025-12-06T21:46:21 [train_12_08_16_45_randomforest_train] INFO: 2025-12-06T21:46:21 [INFO]    Fold 1/5 finished in 1.67 min
2025-12-06T21:48:00 [train_12_08_16_45_randomforest_train] INFO: 2025-12-06T21:48:00 [INFO]    Fold 2/5 finished in 1.66 min
2025-12-06T21:49:39 [train_12_08_16_45_randomforest_train] INFO: 2025-12-06T21:49:39 [INFO]    Fold 3/5 finished in 1.64 min
2025-12-06T21:51:17 [train_12_08_16_45_randomforest_train] INFO: 2025-12-06T21:51:17 [INFO]    Fold 4/5 finished in 1.64 min
2025-12-06T21:52:54 [train_12_08_16_45_randomforest_train] INFO: 2025-12-06T21:52:54 [INFO]    Fold 5/5 finished in 1.62 min
2025-12-06T21:52:55 [train_12_08_16_45_randomforest_train] INFO: 2025-12-06T21:52:55 [INFO] Iteration 48 finished in 8.23 min (AUC=0.8479, best_AUC=0.8479)
2025-12-06T21:54:35 [train_12_08_16_45_randomforest_train] INFO: 2025-12-06T21:54:35 [INFO]    Fold 1/5 finished in 1.67 min
2025-12-06T21:56:14 [train_12_08_16_45_randomforest_train] INFO: 2025-12-06T21:56:14 [INFO]    Fold 2/5 finished in 1.65 min
2025-12-06T21:57:55 [train_12_08_16_45_randomforest_train] INFO: 2025-12-06T21:57:55 [INFO]    Fold 3/5 finished in 1.69 min
2025-12-06T21:59:34 [train_12_08_16_45_randomforest_train] INFO: 2025-12-06T21:59:34 [INFO]    Fold 4/5 finished in 1.64 min
2025-12-06T22:01:17 [train_12_08_16_45_randomforest_train] INFO: 2025-12-06T22:01:17 [INFO]    Fold 5/5 finished in 1.73 min
2025-12-06T22:01:17 [train_12_08_16_45_randomforest_train] INFO: 2025-12-06T22:01:17 [INFO] Iteration 49 finished in 8.38 min (AUC=0.8479, best_AUC=0.8479)
2025-12-06T22:01:52 [train_12_08_16_45_randomforest_train] INFO: 2025-12-06T22:01:52 [INFO]    Fold 1/5 finished in 0.58 min
2025-12-06T22:02:27 [train_12_08_16_45_randomforest_train] INFO: 2025-12-06T22:02:27 [INFO]    Fold 2/5 finished in 0.58 min
2025-12-06T22:03:03 [train_12_08_16_45_randomforest_train] INFO: 2025-12-06T22:03:03 [INFO]    Fold 3/5 finished in 0.60 min
2025-12-06T22:03:38 [train_12_08_16_45_randomforest_train] INFO: 2025-12-06T22:03:38 [INFO]    Fold 4/5 finished in 0.59 min
2025-12-06T22:04:13 [train_12_08_16_45_randomforest_train] INFO: 2025-12-06T22:04:13 [INFO]    Fold 5/5 finished in 0.57 min
2025-12-06T22:04:13 [train_12_08_16_45_randomforest_train] INFO: 2025-12-06T22:04:13 [INFO] Iteration 50 finished in 2.92 min (AUC=0.8342, best_AUC=0.8479)
2025-12-06T22:04:13 [train_12_08_16_45_randomforest_train] INFO: 2025-12-06T22:04:13 [INFO] Total search time this session: 256.50 min
2025-12-06T22:04:13 [train_12_08_16_45_randomforest_train] INFO: 2025-12-06T22:04:13 [INFO] Best average validation AUC (all completed trials) = 0.8479
2025-12-06T22:04:13 [train_12_08_16_45_randomforest_train] INFO: Best hyperparameters (global over study) = {'n_estimators': 900, 'max_depth': 40, 'min_samples_leaf': 2, 'max_features': 'sqrt'}
2025-12-06T23:38:59 [train_12_08_16_45_randomforest_train] INFO: Initialized logger.
2025-12-06T23:39:06 [train_12_08_16_45_randomforest_train] INFO: Number of single-cells total per plate:
2025-12-06T23:39:06 [train_12_08_16_45_randomforest_train] INFO: Plate 3: 10206
2025-12-06T23:39:06 [train_12_08_16_45_randomforest_train] INFO: Plate 3 prime: 5126
2025-12-06T23:39:06 [train_12_08_16_45_randomforest_train] INFO: Plate 5: 5348
2025-12-06T23:39:11 [train_12_08_16_45_randomforest_train] INFO: 2025-12-06T23:39:11 [INFO] Loaded Optuna study 'rf_cv' with 51 total trials (50 completed). Target total trials = 100. Running 50 new trials in this session.
2025-12-06T23:39:11 [train_12_08_16_45_randomforest_train] INFO: 2025-12-06T23:39:11 [INFO] Iteration 51/100: Optuna trial 51, params={'n_estimators': 300, 'max_depth': 40, 'min_samples_leaf': 2, 'max_features': 'sqrt'}
2025-12-06T23:39:52 [train_12_08_16_45_randomforest_train] INFO: 2025-12-06T23:39:52 [INFO]    Fold 1/5 finished in 0.67 min
2025-12-06T23:40:29 [train_12_08_16_45_randomforest_train] INFO: 2025-12-06T23:40:29 [INFO]    Fold 2/5 finished in 0.62 min
2025-12-06T23:41:02 [train_12_08_16_45_randomforest_train] INFO: 2025-12-06T23:41:02 [INFO]    Fold 3/5 finished in 0.55 min
2025-12-06T23:41:36 [train_12_08_16_45_randomforest_train] INFO: 2025-12-06T23:41:36 [INFO]    Fold 4/5 finished in 0.56 min
2025-12-06T23:42:10 [train_12_08_16_45_randomforest_train] INFO: 2025-12-06T23:42:10 [INFO]    Fold 5/5 finished in 0.57 min
2025-12-06T23:42:10 [train_12_08_16_45_randomforest_train] INFO: 2025-12-06T23:42:10 [INFO] Iteration 51 finished in 2.98 min (AUC=0.8445 ± 0.0067, ACC=0.7639, Null_recall=0.7605, WT_recall=0.7673, Null_precision=0.7659, best_AUC=0.8479)
2025-12-06T23:42:10 [train_12_08_16_45_randomforest_train] INFO: 2025-12-06T23:42:10 [INFO] Iteration 52/100: Optuna trial 52, params={'n_estimators': 900, 'max_depth': 40, 'min_samples_leaf': 2, 'max_features': 'sqrt'}
2025-12-06T23:43:57 [train_12_08_16_45_randomforest_train] INFO: 2025-12-06T23:43:57 [INFO]    Fold 1/5 finished in 1.78 min
2025-12-06T23:45:45 [train_12_08_16_45_randomforest_train] INFO: 2025-12-06T23:45:45 [INFO]    Fold 2/5 finished in 1.81 min
2025-12-06T23:47:25 [train_12_08_16_45_randomforest_train] INFO: 2025-12-06T23:47:25 [INFO]    Fold 3/5 finished in 1.67 min
2025-12-06T23:49:21 [train_12_08_16_45_randomforest_train] INFO: 2025-12-06T23:49:21 [INFO]    Fold 4/5 finished in 1.93 min
2025-12-06T23:51:10 [train_12_08_16_45_randomforest_train] INFO: 2025-12-06T23:51:10 [INFO]    Fold 5/5 finished in 1.82 min
2025-12-06T23:51:10 [train_12_08_16_45_randomforest_train] INFO: 2025-12-06T23:51:10 [INFO] Iteration 52 finished in 9.01 min (AUC=0.8479 ± 0.0062, ACC=0.7663, Null_recall=0.7619, WT_recall=0.7708, Null_precision=0.7689, best_AUC=0.8479)
2025-12-06T23:51:11 [train_12_08_16_45_randomforest_train] INFO: 2025-12-06T23:51:11 [INFO] Iteration 53/100: Optuna trial 53, params={'n_estimators': 900, 'max_depth': 40, 'min_samples_leaf': 2, 'max_features': 'sqrt'}
2025-12-06T23:53:00 [train_12_08_16_45_randomforest_train] INFO: 2025-12-06T23:53:00 [INFO]    Fold 1/5 finished in 1.82 min
2025-12-06T23:54:48 [train_12_08_16_45_randomforest_train] INFO: 2025-12-06T23:54:48 [INFO]    Fold 2/5 finished in 1.80 min
2025-12-06T23:56:46 [train_12_08_16_45_randomforest_train] INFO: 2025-12-06T23:56:46 [INFO]    Fold 3/5 finished in 1.97 min
2025-12-06T23:58:56 [train_12_08_16_45_randomforest_train] INFO: 2025-12-06T23:58:56 [INFO]    Fold 4/5 finished in 2.17 min
2025-12-07T00:00:49 [train_12_08_16_45_randomforest_train] INFO: 2025-12-07T00:00:49 [INFO]    Fold 5/5 finished in 1.89 min
2025-12-07T00:00:49 [train_12_08_16_45_randomforest_train] INFO: 2025-12-07T00:00:49 [INFO] Iteration 53 finished in 9.65 min (AUC=0.8479 ± 0.0062, ACC=0.7663, Null_recall=0.7619, WT_recall=0.7708, Null_precision=0.7689, best_AUC=0.8479)
2025-12-07T00:00:49 [train_12_08_16_45_randomforest_train] INFO: 2025-12-07T00:00:49 [INFO] Iteration 54/100: Optuna trial 54, params={'n_estimators': 900, 'max_depth': 40, 'min_samples_leaf': 2, 'max_features': 'sqrt'}
2025-12-07T00:02:33 [train_12_08_16_45_randomforest_train] INFO: 2025-12-07T00:02:33 [INFO]    Fold 1/5 finished in 1.72 min
2025-12-07T00:04:20 [train_12_08_16_45_randomforest_train] INFO: 2025-12-07T00:04:20 [INFO]    Fold 2/5 finished in 1.79 min
2025-12-07T00:06:07 [train_12_08_16_45_randomforest_train] INFO: 2025-12-07T00:06:07 [INFO]    Fold 3/5 finished in 1.78 min
2025-12-07T00:07:52 [train_12_08_16_45_randomforest_train] INFO: 2025-12-07T00:07:52 [INFO]    Fold 4/5 finished in 1.76 min
2025-12-07T00:09:32 [train_12_08_16_45_randomforest_train] INFO: 2025-12-07T00:09:32 [INFO]    Fold 5/5 finished in 1.66 min
2025-12-07T00:09:32 [train_12_08_16_45_randomforest_train] INFO: 2025-12-07T00:09:32 [INFO] Iteration 54 finished in 8.71 min (AUC=0.8479 ± 0.0062, ACC=0.7663, Null_recall=0.7619, WT_recall=0.7708, Null_precision=0.7689, best_AUC=0.8479)
2025-12-07T00:09:32 [train_12_08_16_45_randomforest_train] INFO: 2025-12-07T00:09:32 [INFO] Iteration 55/100: Optuna trial 55, params={'n_estimators': 900, 'max_depth': 40, 'min_samples_leaf': 2, 'max_features': 'sqrt'}
2025-12-07T00:11:12 [train_12_08_16_45_randomforest_train] INFO: 2025-12-07T00:11:12 [INFO]    Fold 1/5 finished in 1.67 min
2025-12-07T00:12:50 [train_12_08_16_45_randomforest_train] INFO: 2025-12-07T00:12:50 [INFO]    Fold 2/5 finished in 1.64 min
2025-12-07T00:14:29 [train_12_08_16_45_randomforest_train] INFO: 2025-12-07T00:14:29 [INFO]    Fold 3/5 finished in 1.64 min
2025-12-07T00:16:06 [train_12_08_16_45_randomforest_train] INFO: 2025-12-07T00:16:06 [INFO]    Fold 4/5 finished in 1.62 min
2025-12-07T00:17:45 [train_12_08_16_45_randomforest_train] INFO: 2025-12-07T00:17:45 [INFO]    Fold 5/5 finished in 1.65 min
2025-12-07T00:17:45 [train_12_08_16_45_randomforest_train] INFO: 2025-12-07T00:17:45 [INFO] Iteration 55 finished in 8.22 min (AUC=0.8479 ± 0.0062, ACC=0.7663, Null_recall=0.7619, WT_recall=0.7708, Null_precision=0.7689, best_AUC=0.8479)
2025-12-07T00:17:45 [train_12_08_16_45_randomforest_train] INFO: 2025-12-07T00:17:45 [INFO] Iteration 56/100: Optuna trial 56, params={'n_estimators': 900, 'max_depth': 40, 'min_samples_leaf': 2, 'max_features': 'sqrt'}
2025-12-07T00:19:22 [train_12_08_16_45_randomforest_train] INFO: 2025-12-07T00:19:22 [INFO]    Fold 1/5 finished in 1.61 min
2025-12-07T00:21:01 [train_12_08_16_45_randomforest_train] INFO: 2025-12-07T00:21:01 [INFO]    Fold 2/5 finished in 1.66 min
2025-12-07T00:22:39 [train_12_08_16_45_randomforest_train] INFO: 2025-12-07T00:22:39 [INFO]    Fold 3/5 finished in 1.62 min
2025-12-07T00:24:15 [train_12_08_16_45_randomforest_train] INFO: 2025-12-07T00:24:15 [INFO]    Fold 4/5 finished in 1.61 min
2025-12-07T00:25:51 [train_12_08_16_45_randomforest_train] INFO: 2025-12-07T00:25:51 [INFO]    Fold 5/5 finished in 1.60 min
2025-12-07T00:25:52 [train_12_08_16_45_randomforest_train] INFO: 2025-12-07T00:25:52 [INFO] Iteration 56 finished in 8.10 min (AUC=0.8479 ± 0.0062, ACC=0.7663, Null_recall=0.7619, WT_recall=0.7708, Null_precision=0.7689, best_AUC=0.8479)
2025-12-07T00:25:52 [train_12_08_16_45_randomforest_train] INFO: 2025-12-07T00:25:52 [INFO] Iteration 57/100: Optuna trial 57, params={'n_estimators': 900, 'max_depth': 40, 'min_samples_leaf': 2, 'max_features': 'sqrt'}
2025-12-07T00:27:28 [train_12_08_16_45_randomforest_train] INFO: 2025-12-07T00:27:28 [INFO]    Fold 1/5 finished in 1.60 min
2025-12-07T00:29:05 [train_12_08_16_45_randomforest_train] INFO: 2025-12-07T00:29:05 [INFO]    Fold 2/5 finished in 1.62 min
2025-12-07T00:30:40 [train_12_08_16_45_randomforest_train] INFO: 2025-12-07T00:30:40 [INFO]    Fold 3/5 finished in 1.59 min
2025-12-07T00:32:18 [train_12_08_16_45_randomforest_train] INFO: 2025-12-07T00:32:18 [INFO]    Fold 4/5 finished in 1.63 min
2025-12-07T00:33:54 [train_12_08_16_45_randomforest_train] INFO: 2025-12-07T00:33:54 [INFO]    Fold 5/5 finished in 1.60 min
2025-12-07T00:33:54 [train_12_08_16_45_randomforest_train] INFO: 2025-12-07T00:33:54 [INFO] Iteration 57 finished in 8.05 min (AUC=0.8479 ± 0.0062, ACC=0.7663, Null_recall=0.7619, WT_recall=0.7708, Null_precision=0.7689, best_AUC=0.8479)
2025-12-07T00:33:55 [train_12_08_16_45_randomforest_train] INFO: 2025-12-07T00:33:55 [INFO] Iteration 58/100: Optuna trial 58, params={'n_estimators': 600, 'max_depth': 40, 'min_samples_leaf': 2, 'max_features': 'sqrt'}
2025-12-07T00:35:00 [train_12_08_16_45_randomforest_train] INFO: 2025-12-07T00:35:00 [INFO]    Fold 1/5 finished in 1.09 min
2025-12-07T00:36:04 [train_12_08_16_45_randomforest_train] INFO: 2025-12-07T00:36:04 [INFO]    Fold 2/5 finished in 1.08 min
2025-12-07T00:37:09 [train_12_08_16_45_randomforest_train] INFO: 2025-12-07T00:37:09 [INFO]    Fold 3/5 finished in 1.08 min
2025-12-07T00:38:13 [train_12_08_16_45_randomforest_train] INFO: 2025-12-07T00:38:13 [INFO]    Fold 4/5 finished in 1.07 min
2025-12-07T00:39:17 [train_12_08_16_45_randomforest_train] INFO: 2025-12-07T00:39:17 [INFO]    Fold 5/5 finished in 1.06 min
2025-12-07T00:39:17 [train_12_08_16_45_randomforest_train] INFO: 2025-12-07T00:39:17 [INFO] Iteration 58 finished in 5.38 min (AUC=0.8473 ± 0.0063, ACC=0.7648, Null_recall=0.7614, WT_recall=0.7683, Null_precision=0.7669, best_AUC=0.8479)
2025-12-07T00:39:17 [train_12_08_16_45_randomforest_train] INFO: 2025-12-07T00:39:17 [INFO] Iteration 59/100: Optuna trial 59, params={'n_estimators': 900, 'max_depth': 40, 'min_samples_leaf': 2, 'max_features': 'sqrt'}
2025-12-07T00:40:53 [train_12_08_16_45_randomforest_train] INFO: 2025-12-07T00:40:53 [INFO]    Fold 1/5 finished in 1.59 min
2025-12-07T00:42:29 [train_12_08_16_45_randomforest_train] INFO: 2025-12-07T00:42:29 [INFO]    Fold 2/5 finished in 1.60 min
2025-12-07T00:44:05 [train_12_08_16_45_randomforest_train] INFO: 2025-12-07T00:44:05 [INFO]    Fold 3/5 finished in 1.60 min
2025-12-07T00:45:42 [train_12_08_16_45_randomforest_train] INFO: 2025-12-07T00:45:42 [INFO]    Fold 4/5 finished in 1.61 min
2025-12-07T00:47:20 [train_12_08_16_45_randomforest_train] INFO: 2025-12-07T00:47:20 [INFO]    Fold 5/5 finished in 1.64 min
2025-12-07T00:47:20 [train_12_08_16_45_randomforest_train] INFO: 2025-12-07T00:47:20 [INFO] Iteration 59 finished in 8.05 min (AUC=0.8479 ± 0.0062, ACC=0.7663, Null_recall=0.7619, WT_recall=0.7708, Null_precision=0.7689, best_AUC=0.8479)
2025-12-07T00:47:20 [train_12_08_16_45_randomforest_train] INFO: 2025-12-07T00:47:20 [INFO] Iteration 60/100: Optuna trial 60, params={'n_estimators': 900, 'max_depth': 40, 'min_samples_leaf': 2, 'max_features': 'sqrt'}
2025-12-07T00:48:56 [train_12_08_16_45_randomforest_train] INFO: 2025-12-07T00:48:56 [INFO]    Fold 1/5 finished in 1.60 min
2025-12-07T00:50:35 [train_12_08_16_45_randomforest_train] INFO: 2025-12-07T00:50:35 [INFO]    Fold 2/5 finished in 1.65 min
2025-12-07T00:52:12 [train_12_08_16_45_randomforest_train] INFO: 2025-12-07T00:52:12 [INFO]    Fold 3/5 finished in 1.63 min
2025-12-07T00:53:50 [train_12_08_16_45_randomforest_train] INFO: 2025-12-07T00:53:50 [INFO]    Fold 4/5 finished in 1.62 min
2025-12-07T00:55:26 [train_12_08_16_45_randomforest_train] INFO: 2025-12-07T00:55:26 [INFO]    Fold 5/5 finished in 1.60 min
2025-12-07T00:55:26 [train_12_08_16_45_randomforest_train] INFO: 2025-12-07T00:55:26 [INFO] Iteration 60 finished in 8.10 min (AUC=0.8479 ± 0.0062, ACC=0.7663, Null_recall=0.7619, WT_recall=0.7708, Null_precision=0.7689, best_AUC=0.8479)
2025-12-07T00:55:26 [train_12_08_16_45_randomforest_train] INFO: 2025-12-07T00:55:26 [INFO] Iteration 61/100: Optuna trial 61, params={'n_estimators': 900, 'max_depth': 40, 'min_samples_leaf': 2, 'max_features': 'sqrt'}
2025-12-07T00:57:02 [train_12_08_16_45_randomforest_train] INFO: 2025-12-07T00:57:02 [INFO]    Fold 1/5 finished in 1.61 min
2025-12-07T00:58:39 [train_12_08_16_45_randomforest_train] INFO: 2025-12-07T00:58:39 [INFO]    Fold 2/5 finished in 1.62 min
2025-12-07T01:00:16 [train_12_08_16_45_randomforest_train] INFO: 2025-12-07T01:00:16 [INFO]    Fold 3/5 finished in 1.61 min
2025-12-07T01:01:52 [train_12_08_16_45_randomforest_train] INFO: 2025-12-07T01:01:52 [INFO]    Fold 4/5 finished in 1.61 min
2025-12-07T01:03:28 [train_12_08_16_45_randomforest_train] INFO: 2025-12-07T01:03:28 [INFO]    Fold 5/5 finished in 1.60 min
2025-12-07T01:03:28 [train_12_08_16_45_randomforest_train] INFO: 2025-12-07T01:03:28 [INFO] Iteration 61 finished in 8.04 min (AUC=0.8479 ± 0.0062, ACC=0.7663, Null_recall=0.7619, WT_recall=0.7708, Null_precision=0.7689, best_AUC=0.8479)
2025-12-07T01:03:29 [train_12_08_16_45_randomforest_train] INFO: 2025-12-07T01:03:29 [INFO] Iteration 62/100: Optuna trial 62, params={'n_estimators': 900, 'max_depth': 40, 'min_samples_leaf': 2, 'max_features': 'sqrt'}
2025-12-07T01:05:05 [train_12_08_16_45_randomforest_train] INFO: 2025-12-07T01:05:05 [INFO]    Fold 1/5 finished in 1.60 min
2025-12-07T01:06:41 [train_12_08_16_45_randomforest_train] INFO: 2025-12-07T01:06:41 [INFO]    Fold 2/5 finished in 1.60 min
2025-12-07T01:08:17 [train_12_08_16_45_randomforest_train] INFO: 2025-12-07T01:08:17 [INFO]    Fold 3/5 finished in 1.60 min
2025-12-07T01:09:52 [train_12_08_16_45_randomforest_train] INFO: 2025-12-07T01:09:52 [INFO]    Fold 4/5 finished in 1.60 min
2025-12-07T01:11:31 [train_12_08_16_45_randomforest_train] INFO: 2025-12-07T01:11:31 [INFO]    Fold 5/5 finished in 1.64 min
2025-12-07T01:11:31 [train_12_08_16_45_randomforest_train] INFO: 2025-12-07T01:11:31 [INFO] Iteration 62 finished in 8.04 min (AUC=0.8479 ± 0.0062, ACC=0.7663, Null_recall=0.7619, WT_recall=0.7708, Null_precision=0.7689, best_AUC=0.8479)
2025-12-07T01:11:31 [train_12_08_16_45_randomforest_train] INFO: 2025-12-07T01:11:31 [INFO] Iteration 63/100: Optuna trial 63, params={'n_estimators': 900, 'max_depth': 40, 'min_samples_leaf': 2, 'max_features': 'sqrt'}
2025-12-07T01:13:06 [train_12_08_16_45_randomforest_train] INFO: 2025-12-07T01:13:06 [INFO]    Fold 1/5 finished in 1.58 min
2025-12-07T01:14:43 [train_12_08_16_45_randomforest_train] INFO: 2025-12-07T01:14:43 [INFO]    Fold 2/5 finished in 1.62 min
2025-12-07T01:16:24 [train_12_08_16_45_randomforest_train] INFO: 2025-12-07T01:16:24 [INFO]    Fold 3/5 finished in 1.68 min
2025-12-07T01:18:00 [train_12_08_16_45_randomforest_train] INFO: 2025-12-07T01:18:00 [INFO]    Fold 4/5 finished in 1.61 min
2025-12-07T01:19:38 [train_12_08_16_45_randomforest_train] INFO: 2025-12-07T01:19:38 [INFO]    Fold 5/5 finished in 1.63 min
2025-12-07T01:19:38 [train_12_08_16_45_randomforest_train] INFO: 2025-12-07T01:19:38 [INFO] Iteration 63 finished in 8.12 min (AUC=0.8479 ± 0.0062, ACC=0.7663, Null_recall=0.7619, WT_recall=0.7708, Null_precision=0.7689, best_AUC=0.8479)
2025-12-07T01:19:38 [train_12_08_16_45_randomforest_train] INFO: 2025-12-07T01:19:38 [INFO] Iteration 64/100: Optuna trial 64, params={'n_estimators': 900, 'max_depth': 40, 'min_samples_leaf': 2, 'max_features': 'sqrt'}
2025-12-07T01:21:13 [train_12_08_16_45_randomforest_train] INFO: 2025-12-07T01:21:13 [INFO]    Fold 1/5 finished in 1.58 min
2025-12-07T01:22:51 [train_12_08_16_45_randomforest_train] INFO: 2025-12-07T01:22:51 [INFO]    Fold 2/5 finished in 1.64 min
2025-12-07T01:24:28 [train_12_08_16_45_randomforest_train] INFO: 2025-12-07T01:24:28 [INFO]    Fold 3/5 finished in 1.60 min
2025-12-07T01:26:04 [train_12_08_16_45_randomforest_train] INFO: 2025-12-07T01:26:04 [INFO]    Fold 4/5 finished in 1.60 min
2025-12-07T01:27:39 [train_12_08_16_45_randomforest_train] INFO: 2025-12-07T01:27:39 [INFO]    Fold 5/5 finished in 1.59 min
2025-12-07T01:27:39 [train_12_08_16_45_randomforest_train] INFO: 2025-12-07T01:27:39 [INFO] Iteration 64 finished in 8.02 min (AUC=0.8479 ± 0.0062, ACC=0.7663, Null_recall=0.7619, WT_recall=0.7708, Null_precision=0.7689, best_AUC=0.8479)
2025-12-07T01:27:39 [train_12_08_16_45_randomforest_train] INFO: 2025-12-07T01:27:39 [INFO] Iteration 65/100: Optuna trial 65, params={'n_estimators': 900, 'max_depth': 60, 'min_samples_leaf': 2, 'max_features': 'sqrt'}
2025-12-07T01:29:14 [train_12_08_16_45_randomforest_train] INFO: 2025-12-07T01:29:14 [INFO]    Fold 1/5 finished in 1.59 min
2025-12-07T01:30:51 [train_12_08_16_45_randomforest_train] INFO: 2025-12-07T01:30:51 [INFO]    Fold 2/5 finished in 1.60 min
2025-12-07T01:32:26 [train_12_08_16_45_randomforest_train] INFO: 2025-12-07T01:32:26 [INFO]    Fold 3/5 finished in 1.59 min
2025-12-07T01:34:02 [train_12_08_16_45_randomforest_train] INFO: 2025-12-07T01:34:02 [INFO]    Fold 4/5 finished in 1.61 min
2025-12-07T01:35:38 [train_12_08_16_45_randomforest_train] INFO: 2025-12-07T01:35:38 [INFO]    Fold 5/5 finished in 1.59 min
2025-12-07T01:35:38 [train_12_08_16_45_randomforest_train] INFO: 2025-12-07T01:35:38 [INFO] Iteration 65 finished in 7.98 min (AUC=0.8479 ± 0.0062, ACC=0.7657, Null_recall=0.7608, WT_recall=0.7707, Null_precision=0.7685, best_AUC=0.8479)
2025-12-07T01:35:38 [train_12_08_16_45_randomforest_train] INFO: 2025-12-07T01:35:38 [INFO] Iteration 66/100: Optuna trial 66, params={'n_estimators': 900, 'max_depth': 20, 'min_samples_leaf': 2, 'max_features': 'sqrt'}
2025-12-07T01:37:12 [train_12_08_16_45_randomforest_train] INFO: 2025-12-07T01:37:12 [INFO]    Fold 1/5 finished in 1.56 min
2025-12-07T01:38:44 [train_12_08_16_45_randomforest_train] INFO: 2025-12-07T01:38:44 [INFO]    Fold 2/5 finished in 1.54 min
2025-12-07T01:40:16 [train_12_08_16_45_randomforest_train] INFO: 2025-12-07T01:40:16 [INFO]    Fold 3/5 finished in 1.54 min
2025-12-07T01:41:48 [train_12_08_16_45_randomforest_train] INFO: 2025-12-07T01:41:48 [INFO]    Fold 4/5 finished in 1.52 min
2025-12-07T01:43:20 [train_12_08_16_45_randomforest_train] INFO: 2025-12-07T01:43:20 [INFO]    Fold 5/5 finished in 1.53 min
2025-12-07T01:43:20 [train_12_08_16_45_randomforest_train] INFO: 2025-12-07T01:43:20 [INFO] Iteration 66 finished in 7.69 min (AUC=0.8464 ± 0.0058, ACC=0.7635, Null_recall=0.7585, WT_recall=0.7685, Null_precision=0.7664, best_AUC=0.8479)
2025-12-07T01:43:20 [train_12_08_16_45_randomforest_train] INFO: 2025-12-07T01:43:20 [INFO] Iteration 67/100: Optuna trial 67, params={'n_estimators': 900, 'max_depth': 40, 'min_samples_leaf': 2, 'max_features': 'sqrt'}
2025-12-07T01:44:59 [train_12_08_16_45_randomforest_train] INFO: 2025-12-07T01:44:59 [INFO]    Fold 1/5 finished in 1.65 min
2025-12-07T01:46:37 [train_12_08_16_45_randomforest_train] INFO: 2025-12-07T01:46:37 [INFO]    Fold 2/5 finished in 1.63 min
2025-12-07T01:48:12 [train_12_08_16_45_randomforest_train] INFO: 2025-12-07T01:48:12 [INFO]    Fold 3/5 finished in 1.59 min
2025-12-07T01:49:49 [train_12_08_16_45_randomforest_train] INFO: 2025-12-07T01:49:49 [INFO]    Fold 4/5 finished in 1.62 min
2025-12-07T01:51:25 [train_12_08_16_45_randomforest_train] INFO: 2025-12-07T01:51:25 [INFO]    Fold 5/5 finished in 1.59 min
2025-12-07T01:51:25 [train_12_08_16_45_randomforest_train] INFO: 2025-12-07T01:51:25 [INFO] Iteration 67 finished in 8.09 min (AUC=0.8479 ± 0.0062, ACC=0.7663, Null_recall=0.7619, WT_recall=0.7708, Null_precision=0.7689, best_AUC=0.8479)
2025-12-07T01:51:25 [train_12_08_16_45_randomforest_train] INFO: 2025-12-07T01:51:25 [INFO] Iteration 68/100: Optuna trial 68, params={'n_estimators': 900, 'max_depth': 40, 'min_samples_leaf': 4, 'max_features': 'sqrt'}
2025-12-07T01:52:52 [train_12_08_16_45_randomforest_train] INFO: 2025-12-07T01:52:52 [INFO]    Fold 1/5 finished in 1.45 min
2025-12-07T01:54:19 [train_12_08_16_45_randomforest_train] INFO: 2025-12-07T01:54:19 [INFO]    Fold 2/5 finished in 1.44 min
2025-12-07T01:55:46 [train_12_08_16_45_randomforest_train] INFO: 2025-12-07T01:55:46 [INFO]    Fold 3/5 finished in 1.45 min
2025-12-07T01:57:12 [train_12_08_16_45_randomforest_train] INFO: 2025-12-07T01:57:12 [INFO]    Fold 4/5 finished in 1.44 min
2025-12-07T01:58:41 [train_12_08_16_45_randomforest_train] INFO: 2025-12-07T01:58:41 [INFO]    Fold 5/5 finished in 1.49 min
2025-12-07T01:58:41 [train_12_08_16_45_randomforest_train] INFO: 2025-12-07T01:58:41 [INFO] Iteration 68 finished in 7.27 min (AUC=0.8458 ± 0.0064, ACC=0.7653, Null_recall=0.7596, WT_recall=0.7709, Null_precision=0.7685, best_AUC=0.8479)
2025-12-07T01:58:41 [train_12_08_16_45_randomforest_train] INFO: 2025-12-07T01:58:41 [INFO] Iteration 69/100: Optuna trial 69, params={'n_estimators': 900, 'max_depth': 40, 'min_samples_leaf': 2, 'max_features': 'sqrt'}
2025-12-07T02:00:16 [train_12_08_16_45_randomforest_train] INFO: 2025-12-07T02:00:16 [INFO]    Fold 1/5 finished in 1.57 min
2025-12-07T02:01:53 [train_12_08_16_45_randomforest_train] INFO: 2025-12-07T02:01:53 [INFO]    Fold 2/5 finished in 1.61 min
2025-12-07T02:03:29 [train_12_08_16_45_randomforest_train] INFO: 2025-12-07T02:03:29 [INFO]    Fold 3/5 finished in 1.61 min
2025-12-07T02:05:06 [train_12_08_16_45_randomforest_train] INFO: 2025-12-07T02:05:06 [INFO]    Fold 4/5 finished in 1.61 min
2025-12-07T02:06:40 [train_12_08_16_45_randomforest_train] INFO: 2025-12-07T02:06:40 [INFO]    Fold 5/5 finished in 1.56 min
2025-12-07T02:06:40 [train_12_08_16_45_randomforest_train] INFO: 2025-12-07T02:06:40 [INFO] Iteration 69 finished in 7.97 min (AUC=0.8479 ± 0.0062, ACC=0.7663, Null_recall=0.7619, WT_recall=0.7708, Null_precision=0.7689, best_AUC=0.8479)
2025-12-07T02:06:40 [train_12_08_16_45_randomforest_train] INFO: 2025-12-07T02:06:40 [INFO] Iteration 70/100: Optuna trial 70, params={'n_estimators': 900, 'max_depth': 40, 'min_samples_leaf': 1, 'max_features': 'sqrt'}
2025-12-07T02:08:21 [train_12_08_16_45_randomforest_train] INFO: 2025-12-07T02:08:21 [INFO]    Fold 1/5 finished in 1.69 min
2025-12-07T02:10:02 [train_12_08_16_45_randomforest_train] INFO: 2025-12-07T02:10:02 [INFO]    Fold 2/5 finished in 1.69 min
2025-12-07T02:11:44 [train_12_08_16_45_randomforest_train] INFO: 2025-12-07T02:11:44 [INFO]    Fold 3/5 finished in 1.70 min
2025-12-07T02:13:27 [train_12_08_16_45_randomforest_train] INFO: 2025-12-07T02:13:27 [INFO]    Fold 4/5 finished in 1.71 min
2025-12-07T02:15:14 [train_12_08_16_45_randomforest_train] INFO: 2025-12-07T02:15:14 [INFO]    Fold 5/5 finished in 1.79 min
2025-12-07T02:15:14 [train_12_08_16_45_randomforest_train] INFO: 2025-12-07T02:15:14 [INFO] Iteration 70 finished in 8.58 min (AUC=0.8478 ± 0.0063, ACC=0.7665, Null_recall=0.7626, WT_recall=0.7704, Null_precision=0.7688, best_AUC=0.8479)
2025-12-07T02:15:15 [train_12_08_16_45_randomforest_train] INFO: 2025-12-07T02:15:15 [INFO] Iteration 71/100: Optuna trial 71, params={'n_estimators': 900, 'max_depth': 40, 'min_samples_leaf': 2, 'max_features': 'log2'}
2025-12-07T02:15:47 [train_12_08_16_45_randomforest_train] INFO: 2025-12-07T02:15:47 [INFO]    Fold 1/5 finished in 0.55 min
2025-12-07T02:16:21 [train_12_08_16_45_randomforest_train] INFO: 2025-12-07T02:16:21 [INFO]    Fold 2/5 finished in 0.57 min
2025-12-07T02:16:54 [train_12_08_16_45_randomforest_train] INFO: 2025-12-07T02:16:54 [INFO]    Fold 3/5 finished in 0.55 min
2025-12-07T02:17:29 [train_12_08_16_45_randomforest_train] INFO: 2025-12-07T02:17:29 [INFO]    Fold 4/5 finished in 0.57 min
2025-12-07T02:18:03 [train_12_08_16_45_randomforest_train] INFO: 2025-12-07T02:18:03 [INFO]    Fold 5/5 finished in 0.57 min
2025-12-07T02:18:03 [train_12_08_16_45_randomforest_train] INFO: 2025-12-07T02:18:03 [INFO] Iteration 71 finished in 2.80 min (AUC=0.8332 ± 0.0073, ACC=0.7513, Null_recall=0.7418, WT_recall=0.7608, Null_precision=0.7564, best_AUC=0.8479)
2025-12-07T02:18:03 [train_12_08_16_45_randomforest_train] INFO: 2025-12-07T02:18:03 [INFO] Iteration 72/100: Optuna trial 72, params={'n_estimators': 900, 'max_depth': 40, 'min_samples_leaf': 2, 'max_features': 'sqrt'}
2025-12-07T02:19:38 [train_12_08_16_45_randomforest_train] INFO: 2025-12-07T02:19:38 [INFO]    Fold 1/5 finished in 1.59 min
2025-12-07T02:21:15 [train_12_08_16_45_randomforest_train] INFO: 2025-12-07T02:21:15 [INFO]    Fold 2/5 finished in 1.61 min
2025-12-07T02:22:51 [train_12_08_16_45_randomforest_train] INFO: 2025-12-07T02:22:51 [INFO]    Fold 3/5 finished in 1.60 min
2025-12-07T02:24:25 [train_12_08_16_45_randomforest_train] INFO: 2025-12-07T02:24:25 [INFO]    Fold 4/5 finished in 1.56 min
2025-12-07T02:26:00 [train_12_08_16_45_randomforest_train] INFO: 2025-12-07T02:26:00 [INFO]    Fold 5/5 finished in 1.59 min
2025-12-07T02:26:00 [train_12_08_16_45_randomforest_train] INFO: 2025-12-07T02:26:00 [INFO] Iteration 72 finished in 7.95 min (AUC=0.8479 ± 0.0062, ACC=0.7663, Null_recall=0.7619, WT_recall=0.7708, Null_precision=0.7689, best_AUC=0.8479)
2025-12-07T02:26:00 [train_12_08_16_45_randomforest_train] INFO: 2025-12-07T02:26:00 [INFO] Iteration 73/100: Optuna trial 73, params={'n_estimators': 900, 'max_depth': 40, 'min_samples_leaf': 2, 'max_features': 'sqrt'}
2025-12-07T02:27:34 [train_12_08_16_45_randomforest_train] INFO: 2025-12-07T02:27:34 [INFO]    Fold 1/5 finished in 1.57 min
2025-12-07T02:29:10 [train_12_08_16_45_randomforest_train] INFO: 2025-12-07T02:29:10 [INFO]    Fold 2/5 finished in 1.60 min
2025-12-07T02:30:44 [train_12_08_16_45_randomforest_train] INFO: 2025-12-07T02:30:44 [INFO]    Fold 3/5 finished in 1.56 min
2025-12-07T02:32:19 [train_12_08_16_45_randomforest_train] INFO: 2025-12-07T02:32:19 [INFO]    Fold 4/5 finished in 1.59 min
2025-12-07T02:33:54 [train_12_08_16_45_randomforest_train] INFO: 2025-12-07T02:33:54 [INFO]    Fold 5/5 finished in 1.58 min
2025-12-07T02:33:54 [train_12_08_16_45_randomforest_train] INFO: 2025-12-07T02:33:54 [INFO] Iteration 73 finished in 7.89 min (AUC=0.8479 ± 0.0062, ACC=0.7663, Null_recall=0.7619, WT_recall=0.7708, Null_precision=0.7689, best_AUC=0.8479)
2025-12-07T02:33:54 [train_12_08_16_45_randomforest_train] INFO: 2025-12-07T02:33:54 [INFO] Iteration 74/100: Optuna trial 74, params={'n_estimators': 900, 'max_depth': 40, 'min_samples_leaf': 2, 'max_features': 'sqrt'}
2025-12-07T02:35:26 [train_12_08_16_45_randomforest_train] INFO: 2025-12-07T02:35:26 [INFO]    Fold 1/5 finished in 1.54 min
2025-12-07T02:37:02 [train_12_08_16_45_randomforest_train] INFO: 2025-12-07T02:37:02 [INFO]    Fold 2/5 finished in 1.60 min
2025-12-07T02:38:36 [train_12_08_16_45_randomforest_train] INFO: 2025-12-07T02:38:36 [INFO]    Fold 3/5 finished in 1.56 min
2025-12-07T02:40:13 [train_12_08_16_45_randomforest_train] INFO: 2025-12-07T02:40:13 [INFO]    Fold 4/5 finished in 1.61 min
2025-12-07T02:41:48 [train_12_08_16_45_randomforest_train] INFO: 2025-12-07T02:41:48 [INFO]    Fold 5/5 finished in 1.59 min
2025-12-07T02:41:48 [train_12_08_16_45_randomforest_train] INFO: 2025-12-07T02:41:48 [INFO] Iteration 74 finished in 7.91 min (AUC=0.8479 ± 0.0062, ACC=0.7663, Null_recall=0.7619, WT_recall=0.7708, Null_precision=0.7689, best_AUC=0.8479)
2025-12-07T02:41:48 [train_12_08_16_45_randomforest_train] INFO: 2025-12-07T02:41:48 [INFO] Iteration 75/100: Optuna trial 75, params={'n_estimators': 900, 'max_depth': 20, 'min_samples_leaf': 2, 'max_features': 'sqrt'}
2025-12-07T02:43:18 [train_12_08_16_45_randomforest_train] INFO: 2025-12-07T02:43:18 [INFO]    Fold 1/5 finished in 1.49 min
2025-12-07T02:44:52 [train_12_08_16_45_randomforest_train] INFO: 2025-12-07T02:44:52 [INFO]    Fold 2/5 finished in 1.57 min
2025-12-07T02:46:24 [train_12_08_16_45_randomforest_train] INFO: 2025-12-07T02:46:24 [INFO]    Fold 3/5 finished in 1.53 min
2025-12-07T02:47:57 [train_12_08_16_45_randomforest_train] INFO: 2025-12-07T02:47:57 [INFO]    Fold 4/5 finished in 1.56 min
2025-12-07T02:49:29 [train_12_08_16_45_randomforest_train] INFO: 2025-12-07T02:49:29 [INFO]    Fold 5/5 finished in 1.53 min
2025-12-07T02:49:29 [train_12_08_16_45_randomforest_train] INFO: 2025-12-07T02:49:29 [INFO] Iteration 75 finished in 7.68 min (AUC=0.8464 ± 0.0058, ACC=0.7635, Null_recall=0.7585, WT_recall=0.7685, Null_precision=0.7664, best_AUC=0.8479)
2025-12-07T02:49:29 [train_12_08_16_45_randomforest_train] INFO: 2025-12-07T02:49:29 [INFO] Iteration 76/100: Optuna trial 76, params={'n_estimators': 900, 'max_depth': 40, 'min_samples_leaf': 2, 'max_features': 'sqrt'}
2025-12-07T02:51:04 [train_12_08_16_45_randomforest_train] INFO: 2025-12-07T02:51:04 [INFO]    Fold 1/5 finished in 1.58 min
2025-12-07T02:52:39 [train_12_08_16_45_randomforest_train] INFO: 2025-12-07T02:52:39 [INFO]    Fold 2/5 finished in 1.57 min
2025-12-07T02:54:12 [train_12_08_16_45_randomforest_train] INFO: 2025-12-07T02:54:12 [INFO]    Fold 3/5 finished in 1.56 min
2025-12-07T02:55:48 [train_12_08_16_45_randomforest_train] INFO: 2025-12-07T02:55:48 [INFO]    Fold 4/5 finished in 1.59 min
2025-12-07T02:57:23 [train_12_08_16_45_randomforest_train] INFO: 2025-12-07T02:57:23 [INFO]    Fold 5/5 finished in 1.59 min
2025-12-07T02:57:23 [train_12_08_16_45_randomforest_train] INFO: 2025-12-07T02:57:23 [INFO] Iteration 76 finished in 7.90 min (AUC=0.8479 ± 0.0062, ACC=0.7663, Null_recall=0.7619, WT_recall=0.7708, Null_precision=0.7689, best_AUC=0.8479)
2025-12-07T02:57:23 [train_12_08_16_45_randomforest_train] INFO: 2025-12-07T02:57:23 [INFO] Iteration 77/100: Optuna trial 77, params={'n_estimators': 300, 'max_depth': 60, 'min_samples_leaf': 2, 'max_features': 'sqrt'}
2025-12-07T02:57:57 [train_12_08_16_45_randomforest_train] INFO: 2025-12-07T02:57:57 [INFO]    Fold 1/5 finished in 0.56 min
2025-12-07T02:58:30 [train_12_08_16_45_randomforest_train] INFO: 2025-12-07T02:58:30 [INFO]    Fold 2/5 finished in 0.55 min
2025-12-07T02:59:03 [train_12_08_16_45_randomforest_train] INFO: 2025-12-07T02:59:03 [INFO]    Fold 3/5 finished in 0.54 min
2025-12-07T02:59:37 [train_12_08_16_45_randomforest_train] INFO: 2025-12-07T02:59:37 [INFO]    Fold 4/5 finished in 0.58 min
2025-12-07T03:00:10 [train_12_08_16_45_randomforest_train] INFO: 2025-12-07T03:00:10 [INFO]    Fold 5/5 finished in 0.55 min
2025-12-07T03:00:10 [train_12_08_16_45_randomforest_train] INFO: 2025-12-07T03:00:10 [INFO] Iteration 77 finished in 2.79 min (AUC=0.8445 ± 0.0067, ACC=0.7644, Null_recall=0.7616, WT_recall=0.7672, Null_precision=0.7661, best_AUC=0.8479)
2025-12-07T03:00:11 [train_12_08_16_45_randomforest_train] INFO: 2025-12-07T03:00:11 [INFO] Iteration 78/100: Optuna trial 78, params={'n_estimators': 900, 'max_depth': 40, 'min_samples_leaf': 2, 'max_features': 'sqrt'}
2025-12-07T03:01:47 [train_12_08_16_45_randomforest_train] INFO: 2025-12-07T03:01:47 [INFO]    Fold 1/5 finished in 1.60 min
2025-12-07T03:03:24 [train_12_08_16_45_randomforest_train] INFO: 2025-12-07T03:03:24 [INFO]    Fold 2/5 finished in 1.62 min
2025-12-07T03:04:58 [train_12_08_16_45_randomforest_train] INFO: 2025-12-07T03:04:58 [INFO]    Fold 3/5 finished in 1.57 min
2025-12-07T03:06:32 [train_12_08_16_45_randomforest_train] INFO: 2025-12-07T03:06:32 [INFO]    Fold 4/5 finished in 1.56 min
2025-12-07T03:08:07 [train_12_08_16_45_randomforest_train] INFO: 2025-12-07T03:08:07 [INFO]    Fold 5/5 finished in 1.59 min
2025-12-07T03:08:07 [train_12_08_16_45_randomforest_train] INFO: 2025-12-07T03:08:07 [INFO] Iteration 78 finished in 7.94 min (AUC=0.8479 ± 0.0062, ACC=0.7663, Null_recall=0.7619, WT_recall=0.7708, Null_precision=0.7689, best_AUC=0.8479)
2025-12-07T03:08:07 [train_12_08_16_45_randomforest_train] INFO: 2025-12-07T03:08:07 [INFO] Iteration 79/100: Optuna trial 79, params={'n_estimators': 600, 'max_depth': 40, 'min_samples_leaf': 2, 'max_features': 'sqrt'}
2025-12-07T03:09:09 [train_12_08_16_45_randomforest_train] INFO: 2025-12-07T03:09:09 [INFO]    Fold 1/5 finished in 1.04 min
2025-12-07T03:10:13 [train_12_08_16_45_randomforest_train] INFO: 2025-12-07T03:10:13 [INFO]    Fold 2/5 finished in 1.06 min
2025-12-07T03:11:16 [train_12_08_16_45_randomforest_train] INFO: 2025-12-07T03:11:16 [INFO]    Fold 3/5 finished in 1.05 min
2025-12-07T03:12:20 [train_12_08_16_45_randomforest_train] INFO: 2025-12-07T03:12:20 [INFO]    Fold 4/5 finished in 1.07 min
2025-12-07T03:13:24 [train_12_08_16_45_randomforest_train] INFO: 2025-12-07T03:13:24 [INFO]    Fold 5/5 finished in 1.05 min
2025-12-07T03:13:24 [train_12_08_16_45_randomforest_train] INFO: 2025-12-07T03:13:24 [INFO] Iteration 79 finished in 5.28 min (AUC=0.8473 ± 0.0063, ACC=0.7648, Null_recall=0.7614, WT_recall=0.7683, Null_precision=0.7669, best_AUC=0.8479)
2025-12-07T03:13:24 [train_12_08_16_45_randomforest_train] INFO: 2025-12-07T03:13:24 [INFO] Iteration 80/100: Optuna trial 80, params={'n_estimators': 900, 'max_depth': 40, 'min_samples_leaf': 2, 'max_features': 'sqrt'}
2025-12-07T03:14:59 [train_12_08_16_45_randomforest_train] INFO: 2025-12-07T03:14:59 [INFO]    Fold 1/5 finished in 1.59 min
2025-12-07T03:16:32 [train_12_08_16_45_randomforest_train] INFO: 2025-12-07T03:16:32 [INFO]    Fold 2/5 finished in 1.56 min
2025-12-07T03:18:10 [train_12_08_16_45_randomforest_train] INFO: 2025-12-07T03:18:10 [INFO]    Fold 3/5 finished in 1.63 min
2025-12-07T03:19:46 [train_12_08_16_45_randomforest_train] INFO: 2025-12-07T03:19:46 [INFO]    Fold 4/5 finished in 1.59 min
2025-12-07T03:21:20 [train_12_08_16_45_randomforest_train] INFO: 2025-12-07T03:21:20 [INFO]    Fold 5/5 finished in 1.57 min
2025-12-07T03:21:20 [train_12_08_16_45_randomforest_train] INFO: 2025-12-07T03:21:20 [INFO] Iteration 80 finished in 7.94 min (AUC=0.8479 ± 0.0062, ACC=0.7663, Null_recall=0.7619, WT_recall=0.7708, Null_precision=0.7689, best_AUC=0.8479)
2025-12-07T03:21:20 [train_12_08_16_45_randomforest_train] INFO: 2025-12-07T03:21:20 [INFO] Iteration 81/100: Optuna trial 81, params={'n_estimators': 900, 'max_depth': 40, 'min_samples_leaf': 4, 'max_features': 'sqrt'}
2025-12-07T03:22:44 [train_12_08_16_45_randomforest_train] INFO: 2025-12-07T03:22:44 [INFO]    Fold 1/5 finished in 1.40 min
2025-12-07T03:24:11 [train_12_08_16_45_randomforest_train] INFO: 2025-12-07T03:24:11 [INFO]    Fold 2/5 finished in 1.45 min
2025-12-07T03:25:36 [train_12_08_16_45_randomforest_train] INFO: 2025-12-07T03:25:36 [INFO]    Fold 3/5 finished in 1.42 min
2025-12-07T03:27:04 [train_12_08_16_45_randomforest_train] INFO: 2025-12-07T03:27:04 [INFO]    Fold 4/5 finished in 1.46 min
2025-12-07T03:28:30 [train_12_08_16_45_randomforest_train] INFO: 2025-12-07T03:28:30 [INFO]    Fold 5/5 finished in 1.44 min
2025-12-07T03:28:30 [train_12_08_16_45_randomforest_train] INFO: 2025-12-07T03:28:30 [INFO] Iteration 81 finished in 7.17 min (AUC=0.8458 ± 0.0064, ACC=0.7653, Null_recall=0.7596, WT_recall=0.7709, Null_precision=0.7685, best_AUC=0.8479)
2025-12-07T03:28:30 [train_12_08_16_45_randomforest_train] INFO: 2025-12-07T03:28:30 [INFO] Iteration 82/100: Optuna trial 82, params={'n_estimators': 900, 'max_depth': 40, 'min_samples_leaf': 2, 'max_features': 'sqrt'}
2025-12-07T03:30:03 [train_12_08_16_45_randomforest_train] INFO: 2025-12-07T03:30:03 [INFO]    Fold 1/5 finished in 1.54 min
2025-12-07T03:31:38 [train_12_08_16_45_randomforest_train] INFO: 2025-12-07T03:31:38 [INFO]    Fold 2/5 finished in 1.58 min
2025-12-07T03:33:11 [train_12_08_16_45_randomforest_train] INFO: 2025-12-07T03:33:11 [INFO]    Fold 3/5 finished in 1.55 min
2025-12-07T03:34:46 [train_12_08_16_45_randomforest_train] INFO: 2025-12-07T03:34:46 [INFO]    Fold 4/5 finished in 1.58 min
2025-12-07T03:36:22 [train_12_08_16_45_randomforest_train] INFO: 2025-12-07T03:36:22 [INFO]    Fold 5/5 finished in 1.60 min
2025-12-07T03:36:22 [train_12_08_16_45_randomforest_train] INFO: 2025-12-07T03:36:22 [INFO] Iteration 82 finished in 7.86 min (AUC=0.8479 ± 0.0062, ACC=0.7663, Null_recall=0.7619, WT_recall=0.7708, Null_precision=0.7689, best_AUC=0.8479)
2025-12-07T03:36:22 [train_12_08_16_45_randomforest_train] INFO: 2025-12-07T03:36:22 [INFO] Iteration 83/100: Optuna trial 83, params={'n_estimators': 900, 'max_depth': 40, 'min_samples_leaf': 2, 'max_features': 'sqrt'}
2025-12-07T03:37:55 [train_12_08_16_45_randomforest_train] INFO: 2025-12-07T03:37:55 [INFO]    Fold 1/5 finished in 1.55 min
2025-12-07T03:39:30 [train_12_08_16_45_randomforest_train] INFO: 2025-12-07T03:39:30 [INFO]    Fold 2/5 finished in 1.59 min
2025-12-07T03:41:04 [train_12_08_16_45_randomforest_train] INFO: 2025-12-07T03:41:04 [INFO]    Fold 3/5 finished in 1.57 min
2025-12-07T03:42:39 [train_12_08_16_45_randomforest_train] INFO: 2025-12-07T03:42:39 [INFO]    Fold 4/5 finished in 1.59 min
2025-12-07T03:44:13 [train_12_08_16_45_randomforest_train] INFO: 2025-12-07T03:44:13 [INFO]    Fold 5/5 finished in 1.57 min
2025-12-07T03:44:13 [train_12_08_16_45_randomforest_train] INFO: 2025-12-07T03:44:13 [INFO] Iteration 83 finished in 7.86 min (AUC=0.8479 ± 0.0062, ACC=0.7663, Null_recall=0.7619, WT_recall=0.7708, Null_precision=0.7689, best_AUC=0.8479)
2025-12-07T03:44:13 [train_12_08_16_45_randomforest_train] INFO: 2025-12-07T03:44:13 [INFO] Iteration 84/100: Optuna trial 84, params={'n_estimators': 900, 'max_depth': 40, 'min_samples_leaf': 2, 'max_features': 'sqrt'}
2025-12-07T03:45:47 [train_12_08_16_45_randomforest_train] INFO: 2025-12-07T03:45:47 [INFO]    Fold 1/5 finished in 1.56 min
2025-12-07T03:47:22 [train_12_08_16_45_randomforest_train] INFO: 2025-12-07T03:47:22 [INFO]    Fold 2/5 finished in 1.58 min
2025-12-07T03:48:57 [train_12_08_16_45_randomforest_train] INFO: 2025-12-07T03:48:57 [INFO]    Fold 3/5 finished in 1.58 min
2025-12-07T03:50:32 [train_12_08_16_45_randomforest_train] INFO: 2025-12-07T03:50:32 [INFO]    Fold 4/5 finished in 1.58 min
2025-12-07T03:52:12 [train_12_08_16_45_randomforest_train] INFO: 2025-12-07T03:52:12 [INFO]    Fold 5/5 finished in 1.67 min
2025-12-07T03:52:12 [train_12_08_16_45_randomforest_train] INFO: 2025-12-07T03:52:12 [INFO] Iteration 84 finished in 7.97 min (AUC=0.8479 ± 0.0062, ACC=0.7663, Null_recall=0.7619, WT_recall=0.7708, Null_precision=0.7689, best_AUC=0.8479)
2025-12-07T03:52:12 [train_12_08_16_45_randomforest_train] INFO: 2025-12-07T03:52:12 [INFO] Iteration 85/100: Optuna trial 85, params={'n_estimators': 900, 'max_depth': 40, 'min_samples_leaf': 2, 'max_features': 'sqrt'}
2025-12-07T03:53:48 [train_12_08_16_45_randomforest_train] INFO: 2025-12-07T03:53:48 [INFO]    Fold 1/5 finished in 1.59 min
2025-12-07T03:55:22 [train_12_08_16_45_randomforest_train] INFO: 2025-12-07T03:55:22 [INFO]    Fold 2/5 finished in 1.58 min
2025-12-07T03:56:58 [train_12_08_16_45_randomforest_train] INFO: 2025-12-07T03:56:58 [INFO]    Fold 3/5 finished in 1.59 min
2025-12-07T03:58:32 [train_12_08_16_45_randomforest_train] INFO: 2025-12-07T03:58:32 [INFO]    Fold 4/5 finished in 1.57 min
2025-12-07T04:00:09 [train_12_08_16_45_randomforest_train] INFO: 2025-12-07T04:00:09 [INFO]    Fold 5/5 finished in 1.61 min
2025-12-07T04:00:09 [train_12_08_16_45_randomforest_train] INFO: 2025-12-07T04:00:09 [INFO] Iteration 85 finished in 7.95 min (AUC=0.8479 ± 0.0062, ACC=0.7663, Null_recall=0.7619, WT_recall=0.7708, Null_precision=0.7689, best_AUC=0.8479)
2025-12-07T04:00:09 [train_12_08_16_45_randomforest_train] INFO: 2025-12-07T04:00:09 [INFO] Iteration 86/100: Optuna trial 86, params={'n_estimators': 900, 'max_depth': 40, 'min_samples_leaf': 2, 'max_features': 'sqrt'}
2025-12-07T04:01:45 [train_12_08_16_45_randomforest_train] INFO: 2025-12-07T04:01:45 [INFO]    Fold 1/5 finished in 1.60 min
2025-12-07T04:03:21 [train_12_08_16_45_randomforest_train] INFO: 2025-12-07T04:03:21 [INFO]    Fold 2/5 finished in 1.61 min
2025-12-07T04:04:56 [train_12_08_16_45_randomforest_train] INFO: 2025-12-07T04:04:56 [INFO]    Fold 3/5 finished in 1.57 min
2025-12-07T04:06:32 [train_12_08_16_45_randomforest_train] INFO: 2025-12-07T04:06:32 [INFO]    Fold 4/5 finished in 1.60 min
2025-12-07T04:08:06 [train_12_08_16_45_randomforest_train] INFO: 2025-12-07T04:08:06 [INFO]    Fold 5/5 finished in 1.57 min
2025-12-07T04:08:06 [train_12_08_16_45_randomforest_train] INFO: 2025-12-07T04:08:06 [INFO] Iteration 86 finished in 7.95 min (AUC=0.8479 ± 0.0062, ACC=0.7663, Null_recall=0.7619, WT_recall=0.7708, Null_precision=0.7689, best_AUC=0.8479)
2025-12-07T04:08:06 [train_12_08_16_45_randomforest_train] INFO: 2025-12-07T04:08:06 [INFO] Iteration 87/100: Optuna trial 87, params={'n_estimators': 900, 'max_depth': 40, 'min_samples_leaf': 1, 'max_features': 'log2'}
2025-12-07T04:08:41 [train_12_08_16_45_randomforest_train] INFO: 2025-12-07T04:08:41 [INFO]    Fold 1/5 finished in 0.58 min
2025-12-07T04:09:15 [train_12_08_16_45_randomforest_train] INFO: 2025-12-07T04:09:15 [INFO]    Fold 2/5 finished in 0.57 min
2025-12-07T04:09:49 [train_12_08_16_45_randomforest_train] INFO: 2025-12-07T04:09:49 [INFO]    Fold 3/5 finished in 0.56 min
2025-12-07T04:10:24 [train_12_08_16_45_randomforest_train] INFO: 2025-12-07T04:10:24 [INFO]    Fold 4/5 finished in 0.60 min
2025-12-07T04:11:00 [train_12_08_16_45_randomforest_train] INFO: 2025-12-07T04:11:00 [INFO]    Fold 5/5 finished in 0.60 min
2025-12-07T04:11:00 [train_12_08_16_45_randomforest_train] INFO: 2025-12-07T04:11:00 [INFO] Iteration 87 finished in 2.91 min (AUC=0.8342 ± 0.0062, ACC=0.7528, Null_recall=0.7470, WT_recall=0.7587, Null_precision=0.7561, best_AUC=0.8479)
2025-12-07T04:11:00 [train_12_08_16_45_randomforest_train] INFO: 2025-12-07T04:11:00 [INFO] Iteration 88/100: Optuna trial 88, params={'n_estimators': 900, 'max_depth': 20, 'min_samples_leaf': 2, 'max_features': 'sqrt'}
2025-12-07T04:12:35 [train_12_08_16_45_randomforest_train] INFO: 2025-12-07T04:12:35 [INFO]    Fold 1/5 finished in 1.57 min
2025-12-07T04:14:06 [train_12_08_16_45_randomforest_train] INFO: 2025-12-07T04:14:06 [INFO]    Fold 2/5 finished in 1.53 min
2025-12-07T04:15:41 [train_12_08_16_45_randomforest_train] INFO: 2025-12-07T04:15:41 [INFO]    Fold 3/5 finished in 1.57 min
2025-12-07T04:17:13 [train_12_08_16_45_randomforest_train] INFO: 2025-12-07T04:17:13 [INFO]    Fold 4/5 finished in 1.54 min
2025-12-07T04:18:44 [train_12_08_16_45_randomforest_train] INFO: 2025-12-07T04:18:44 [INFO]    Fold 5/5 finished in 1.51 min
2025-12-07T04:18:44 [train_12_08_16_45_randomforest_train] INFO: 2025-12-07T04:18:44 [INFO] Iteration 88 finished in 7.72 min (AUC=0.8464 ± 0.0058, ACC=0.7635, Null_recall=0.7585, WT_recall=0.7685, Null_precision=0.7664, best_AUC=0.8479)
2025-12-07T04:18:44 [train_12_08_16_45_randomforest_train] INFO: 2025-12-07T04:18:44 [INFO] Iteration 89/100: Optuna trial 89, params={'n_estimators': 300, 'max_depth': 40, 'min_samples_leaf': 2, 'max_features': 'sqrt'}
2025-12-07T04:19:18 [train_12_08_16_45_randomforest_train] INFO: 2025-12-07T04:19:18 [INFO]    Fold 1/5 finished in 0.57 min
2025-12-07T04:19:52 [train_12_08_16_45_randomforest_train] INFO: 2025-12-07T04:19:52 [INFO]    Fold 2/5 finished in 0.56 min
2025-12-07T04:20:26 [train_12_08_16_45_randomforest_train] INFO: 2025-12-07T04:20:26 [INFO]    Fold 3/5 finished in 0.57 min
2025-12-07T04:20:59 [train_12_08_16_45_randomforest_train] INFO: 2025-12-07T04:20:59 [INFO]    Fold 4/5 finished in 0.54 min
2025-12-07T04:21:33 [train_12_08_16_45_randomforest_train] INFO: 2025-12-07T04:21:33 [INFO]    Fold 5/5 finished in 0.57 min
2025-12-07T04:21:33 [train_12_08_16_45_randomforest_train] INFO: 2025-12-07T04:21:33 [INFO] Iteration 89 finished in 2.81 min (AUC=0.8445 ± 0.0067, ACC=0.7639, Null_recall=0.7605, WT_recall=0.7673, Null_precision=0.7659, best_AUC=0.8479)
2025-12-07T04:21:33 [train_12_08_16_45_randomforest_train] INFO: 2025-12-07T04:21:33 [INFO] Iteration 90/100: Optuna trial 90, params={'n_estimators': 900, 'max_depth': 60, 'min_samples_leaf': 2, 'max_features': 'sqrt'}
2025-12-07T04:23:08 [train_12_08_16_45_randomforest_train] INFO: 2025-12-07T04:23:08 [INFO]    Fold 1/5 finished in 1.59 min
2025-12-07T04:24:44 [train_12_08_16_45_randomforest_train] INFO: 2025-12-07T04:24:44 [INFO]    Fold 2/5 finished in 1.60 min
2025-12-07T04:26:17 [train_12_08_16_45_randomforest_train] INFO: 2025-12-07T04:26:17 [INFO]    Fold 3/5 finished in 1.55 min
2025-12-07T04:27:52 [train_12_08_16_45_randomforest_train] INFO: 2025-12-07T04:27:52 [INFO]    Fold 4/5 finished in 1.58 min
2025-12-07T04:29:25 [train_12_08_16_45_randomforest_train] INFO: 2025-12-07T04:29:25 [INFO]    Fold 5/5 finished in 1.55 min
2025-12-07T04:29:25 [train_12_08_16_45_randomforest_train] INFO: 2025-12-07T04:29:25 [INFO] Iteration 90 finished in 7.87 min (AUC=0.8479 ± 0.0062, ACC=0.7657, Null_recall=0.7608, WT_recall=0.7707, Null_precision=0.7685, best_AUC=0.8479)
2025-12-07T04:29:25 [train_12_08_16_45_randomforest_train] INFO: 2025-12-07T04:29:25 [INFO] Iteration 91/100: Optuna trial 91, params={'n_estimators': 900, 'max_depth': 40, 'min_samples_leaf': 2, 'max_features': 'sqrt'}
2025-12-07T04:30:57 [train_12_08_16_45_randomforest_train] INFO: 2025-12-07T04:30:57 [INFO]    Fold 1/5 finished in 1.54 min
2025-12-07T04:32:32 [train_12_08_16_45_randomforest_train] INFO: 2025-12-07T04:32:32 [INFO]    Fold 2/5 finished in 1.57 min
2025-12-07T04:34:04 [train_12_08_16_45_randomforest_train] INFO: 2025-12-07T04:34:04 [INFO]    Fold 3/5 finished in 1.54 min
2025-12-07T04:35:38 [train_12_08_16_45_randomforest_train] INFO: 2025-12-07T04:35:38 [INFO]    Fold 4/5 finished in 1.56 min
2025-12-07T04:37:12 [train_12_08_16_45_randomforest_train] INFO: 2025-12-07T04:37:12 [INFO]    Fold 5/5 finished in 1.56 min
2025-12-07T04:37:12 [train_12_08_16_45_randomforest_train] INFO: 2025-12-07T04:37:12 [INFO] Iteration 91 finished in 7.78 min (AUC=0.8479 ± 0.0062, ACC=0.7663, Null_recall=0.7619, WT_recall=0.7708, Null_precision=0.7689, best_AUC=0.8479)
2025-12-07T04:37:12 [train_12_08_16_45_randomforest_train] INFO: 2025-12-07T04:37:12 [INFO] Iteration 92/100: Optuna trial 92, params={'n_estimators': 900, 'max_depth': 40, 'min_samples_leaf': 2, 'max_features': 'sqrt'}
2025-12-07T04:38:45 [train_12_08_16_45_randomforest_train] INFO: 2025-12-07T04:38:45 [INFO]    Fold 1/5 finished in 1.55 min
2025-12-07T04:40:18 [train_12_08_16_45_randomforest_train] INFO: 2025-12-07T04:40:18 [INFO]    Fold 2/5 finished in 1.56 min
2025-12-07T04:41:51 [train_12_08_16_45_randomforest_train] INFO: 2025-12-07T04:41:51 [INFO]    Fold 3/5 finished in 1.54 min
2025-12-07T04:43:25 [train_12_08_16_45_randomforest_train] INFO: 2025-12-07T04:43:25 [INFO]    Fold 4/5 finished in 1.57 min
2025-12-07T04:44:59 [train_12_08_16_45_randomforest_train] INFO: 2025-12-07T04:44:59 [INFO]    Fold 5/5 finished in 1.57 min
2025-12-07T04:44:59 [train_12_08_16_45_randomforest_train] INFO: 2025-12-07T04:44:59 [INFO] Iteration 92 finished in 7.79 min (AUC=0.8479 ± 0.0062, ACC=0.7663, Null_recall=0.7619, WT_recall=0.7708, Null_precision=0.7689, best_AUC=0.8479)
2025-12-07T04:44:59 [train_12_08_16_45_randomforest_train] INFO: 2025-12-07T04:44:59 [INFO] Iteration 93/100: Optuna trial 93, params={'n_estimators': 900, 'max_depth': 40, 'min_samples_leaf': 2, 'max_features': 'sqrt'}
2025-12-07T04:46:32 [train_12_08_16_45_randomforest_train] INFO: 2025-12-07T04:46:32 [INFO]    Fold 1/5 finished in 1.55 min
2025-12-07T04:48:06 [train_12_08_16_45_randomforest_train] INFO: 2025-12-07T04:48:06 [INFO]    Fold 2/5 finished in 1.56 min
2025-12-07T04:49:39 [train_12_08_16_45_randomforest_train] INFO: 2025-12-07T04:49:39 [INFO]    Fold 3/5 finished in 1.54 min
2025-12-07T04:51:14 [train_12_08_16_45_randomforest_train] INFO: 2025-12-07T04:51:14 [INFO]    Fold 4/5 finished in 1.59 min
2025-12-07T04:52:51 [train_12_08_16_45_randomforest_train] INFO: 2025-12-07T04:52:51 [INFO]    Fold 5/5 finished in 1.61 min
2025-12-07T04:52:51 [train_12_08_16_45_randomforest_train] INFO: 2025-12-07T04:52:51 [INFO] Iteration 93 finished in 7.86 min (AUC=0.8479 ± 0.0062, ACC=0.7663, Null_recall=0.7619, WT_recall=0.7708, Null_precision=0.7689, best_AUC=0.8479)
2025-12-07T04:52:51 [train_12_08_16_45_randomforest_train] INFO: 2025-12-07T04:52:51 [INFO] Iteration 94/100: Optuna trial 94, params={'n_estimators': 900, 'max_depth': 40, 'min_samples_leaf': 2, 'max_features': 'sqrt'}
2025-12-07T04:54:27 [train_12_08_16_45_randomforest_train] INFO: 2025-12-07T04:54:27 [INFO]    Fold 1/5 finished in 1.60 min
2025-12-07T04:56:00 [train_12_08_16_45_randomforest_train] INFO: 2025-12-07T04:56:00 [INFO]    Fold 2/5 finished in 1.55 min
2025-12-07T04:57:36 [train_12_08_16_45_randomforest_train] INFO: 2025-12-07T04:57:36 [INFO]    Fold 3/5 finished in 1.60 min
2025-12-07T04:59:12 [train_12_08_16_45_randomforest_train] INFO: 2025-12-07T04:59:12 [INFO]    Fold 4/5 finished in 1.60 min
2025-12-07T05:00:45 [train_12_08_16_45_randomforest_train] INFO: 2025-12-07T05:00:45 [INFO]    Fold 5/5 finished in 1.56 min
2025-12-07T05:00:45 [train_12_08_16_45_randomforest_train] INFO: 2025-12-07T05:00:45 [INFO] Iteration 94 finished in 7.91 min (AUC=0.8479 ± 0.0062, ACC=0.7663, Null_recall=0.7619, WT_recall=0.7708, Null_precision=0.7689, best_AUC=0.8479)
2025-12-07T05:00:45 [train_12_08_16_45_randomforest_train] INFO: 2025-12-07T05:00:45 [INFO] Iteration 95/100: Optuna trial 95, params={'n_estimators': 900, 'max_depth': 40, 'min_samples_leaf': 2, 'max_features': 'sqrt'}
2025-12-07T05:02:20 [train_12_08_16_45_randomforest_train] INFO: 2025-12-07T05:02:20 [INFO]    Fold 1/5 finished in 1.57 min
2025-12-07T05:03:53 [train_12_08_16_45_randomforest_train] INFO: 2025-12-07T05:03:53 [INFO]    Fold 2/5 finished in 1.56 min
2025-12-07T05:05:26 [train_12_08_16_45_randomforest_train] INFO: 2025-12-07T05:05:26 [INFO]    Fold 3/5 finished in 1.55 min
2025-12-07T05:06:58 [train_12_08_16_45_randomforest_train] INFO: 2025-12-07T05:06:58 [INFO]    Fold 4/5 finished in 1.53 min
2025-12-07T05:08:36 [train_12_08_16_45_randomforest_train] INFO: 2025-12-07T05:08:36 [INFO]    Fold 5/5 finished in 1.63 min
2025-12-07T05:08:36 [train_12_08_16_45_randomforest_train] INFO: 2025-12-07T05:08:36 [INFO] Iteration 95 finished in 7.84 min (AUC=0.8479 ± 0.0062, ACC=0.7663, Null_recall=0.7619, WT_recall=0.7708, Null_precision=0.7689, best_AUC=0.8479)
2025-12-07T05:08:36 [train_12_08_16_45_randomforest_train] INFO: 2025-12-07T05:08:36 [INFO] Iteration 96/100: Optuna trial 96, params={'n_estimators': 600, 'max_depth': 40, 'min_samples_leaf': 2, 'max_features': 'sqrt'}
2025-12-07T05:09:42 [train_12_08_16_45_randomforest_train] INFO: 2025-12-07T05:09:42 [INFO]    Fold 1/5 finished in 1.10 min
2025-12-07T05:10:48 [train_12_08_16_45_randomforest_train] INFO: 2025-12-07T05:10:48 [INFO]    Fold 2/5 finished in 1.11 min
2025-12-07T05:11:56 [train_12_08_16_45_randomforest_train] INFO: 2025-12-07T05:11:56 [INFO]    Fold 3/5 finished in 1.12 min
2025-12-07T05:13:01 [train_12_08_16_45_randomforest_train] INFO: 2025-12-07T05:13:01 [INFO]    Fold 4/5 finished in 1.09 min
2025-12-07T05:14:05 [train_12_08_16_45_randomforest_train] INFO: 2025-12-07T05:14:05 [INFO]    Fold 5/5 finished in 1.05 min
2025-12-07T05:14:05 [train_12_08_16_45_randomforest_train] INFO: 2025-12-07T05:14:05 [INFO] Iteration 96 finished in 5.49 min (AUC=0.8473 ± 0.0063, ACC=0.7648, Null_recall=0.7614, WT_recall=0.7683, Null_precision=0.7669, best_AUC=0.8479)
2025-12-07T05:14:05 [train_12_08_16_45_randomforest_train] INFO: 2025-12-07T05:14:05 [INFO] Iteration 97/100: Optuna trial 97, params={'n_estimators': 900, 'max_depth': 40, 'min_samples_leaf': 2, 'max_features': 'sqrt'}
2025-12-07T05:15:40 [train_12_08_16_45_randomforest_train] INFO: 2025-12-07T05:15:40 [INFO]    Fold 1/5 finished in 1.59 min
2025-12-07T05:17:14 [train_12_08_16_45_randomforest_train] INFO: 2025-12-07T05:17:14 [INFO]    Fold 2/5 finished in 1.57 min
2025-12-07T05:18:46 [train_12_08_16_45_randomforest_train] INFO: 2025-12-07T05:18:46 [INFO]    Fold 3/5 finished in 1.53 min
2025-12-07T05:20:19 [train_12_08_16_45_randomforest_train] INFO: 2025-12-07T05:20:19 [INFO]    Fold 4/5 finished in 1.55 min
2025-12-07T05:21:51 [train_12_08_16_45_randomforest_train] INFO: 2025-12-07T05:21:51 [INFO]    Fold 5/5 finished in 1.54 min
2025-12-07T05:21:51 [train_12_08_16_45_randomforest_train] INFO: 2025-12-07T05:21:51 [INFO] Iteration 97 finished in 7.77 min (AUC=0.8479 ± 0.0062, ACC=0.7663, Null_recall=0.7619, WT_recall=0.7708, Null_precision=0.7689, best_AUC=0.8479)
2025-12-07T05:21:51 [train_12_08_16_45_randomforest_train] INFO: 2025-12-07T05:21:51 [INFO] Iteration 98/100: Optuna trial 98, params={'n_estimators': 900, 'max_depth': 40, 'min_samples_leaf': 2, 'max_features': 'sqrt'}
2025-12-07T05:23:33 [train_12_08_16_45_randomforest_train] INFO: 2025-12-07T05:23:33 [INFO]    Fold 1/5 finished in 1.70 min
2025-12-07T05:25:07 [train_12_08_16_45_randomforest_train] INFO: 2025-12-07T05:25:07 [INFO]    Fold 2/5 finished in 1.56 min
2025-12-07T05:26:42 [train_12_08_16_45_randomforest_train] INFO: 2025-12-07T05:26:42 [INFO]    Fold 3/5 finished in 1.58 min
2025-12-07T05:28:14 [train_12_08_16_45_randomforest_train] INFO: 2025-12-07T05:28:14 [INFO]    Fold 4/5 finished in 1.53 min
2025-12-07T05:29:47 [train_12_08_16_45_randomforest_train] INFO: 2025-12-07T05:29:47 [INFO]    Fold 5/5 finished in 1.55 min
2025-12-07T05:29:47 [train_12_08_16_45_randomforest_train] INFO: 2025-12-07T05:29:47 [INFO] Iteration 98 finished in 7.93 min (AUC=0.8479 ± 0.0062, ACC=0.7663, Null_recall=0.7619, WT_recall=0.7708, Null_precision=0.7689, best_AUC=0.8479)
2025-12-07T05:29:47 [train_12_08_16_45_randomforest_train] INFO: 2025-12-07T05:29:47 [INFO] Iteration 99/100: Optuna trial 99, params={'n_estimators': 900, 'max_depth': 40, 'min_samples_leaf': 2, 'max_features': 'log2'}
2025-12-07T05:30:19 [train_12_08_16_45_randomforest_train] INFO: 2025-12-07T05:30:19 [INFO]    Fold 1/5 finished in 0.53 min
2025-12-07T05:30:51 [train_12_08_16_45_randomforest_train] INFO: 2025-12-07T05:30:51 [INFO]    Fold 2/5 finished in 0.54 min
2025-12-07T05:31:25 [train_12_08_16_45_randomforest_train] INFO: 2025-12-07T05:31:25 [INFO]    Fold 3/5 finished in 0.55 min
2025-12-07T05:31:57 [train_12_08_16_45_randomforest_train] INFO: 2025-12-07T05:31:57 [INFO]    Fold 4/5 finished in 0.54 min
2025-12-07T05:32:30 [train_12_08_16_45_randomforest_train] INFO: 2025-12-07T05:32:30 [INFO]    Fold 5/5 finished in 0.54 min
2025-12-07T05:32:30 [train_12_08_16_45_randomforest_train] INFO: 2025-12-07T05:32:30 [INFO] Iteration 99 finished in 2.71 min (AUC=0.8332 ± 0.0073, ACC=0.7513, Null_recall=0.7418, WT_recall=0.7608, Null_precision=0.7564, best_AUC=0.8479)
2025-12-07T05:32:30 [train_12_08_16_45_randomforest_train] INFO: 2025-12-07T05:32:30 [INFO] Iteration 100/100: Optuna trial 100, params={'n_estimators': 900, 'max_depth': 40, 'min_samples_leaf': 4, 'max_features': 'sqrt'}
2025-12-07T05:33:56 [train_12_08_16_45_randomforest_train] INFO: 2025-12-07T05:33:56 [INFO]    Fold 1/5 finished in 1.42 min
2025-12-07T05:35:20 [train_12_08_16_45_randomforest_train] INFO: 2025-12-07T05:35:20 [INFO]    Fold 2/5 finished in 1.41 min
2025-12-07T05:36:45 [train_12_08_16_45_randomforest_train] INFO: 2025-12-07T05:36:45 [INFO]    Fold 3/5 finished in 1.42 min
2025-12-07T05:38:11 [train_12_08_16_45_randomforest_train] INFO: 2025-12-07T05:38:11 [INFO]    Fold 4/5 finished in 1.42 min
2025-12-07T05:39:36 [train_12_08_16_45_randomforest_train] INFO: 2025-12-07T05:39:36 [INFO]    Fold 5/5 finished in 1.43 min
2025-12-07T05:39:37 [train_12_08_16_45_randomforest_train] INFO: 2025-12-07T05:39:37 [INFO] Iteration 100 finished in 7.11 min (AUC=0.8458 ± 0.0064, ACC=0.7653, Null_recall=0.7596, WT_recall=0.7709, Null_precision=0.7685, best_AUC=0.8479)
2025-12-07T05:39:37 [train_12_08_16_45_randomforest_train] INFO: 2025-12-07T05:39:37 [INFO] Total search time this session: 360.42 min
2025-12-07T05:39:37 [train_12_08_16_45_randomforest_train] INFO: 2025-12-07T05:39:37 [INFO] Best average validation AUC (all completed trials) = 0.8479
2025-12-07T05:39:37 [train_12_08_16_45_randomforest_train] INFO: Best hyperparameters (global over study) = {'n_estimators': 900, 'max_depth': 40, 'min_samples_leaf': 2, 'max_features': 'sqrt'}
